Component: ARM Compiler 6.14 Tool: armlink [5db06800]

==============================================================================

Section Cross References

    main.o(.text) refers (Special) to _printf_d.o(.ARM.Collect$$_printf_percent$$00000009) for _printf_d
    main.o(.text) refers (Special) to _printf_f.o(.ARM.Collect$$_printf_percent$$00000003) for _printf_f
    main.o(.text) refers (Special) to printf1.o(x$fpl$printf1) for _printf_fp_dec
    main.o(.text) refers (Special) to _printf_dec.o(.text) for _printf_int_dec
    main.o(.text) refers (Special) to _printf_percent.o(.ARM.Collect$$_printf_percent$$00000000) for _printf_percent
    main.o(.text) refers (Special) to _printf_pad.o(.text) for _printf_pre_padding
    main.o(.text) refers (Special) to _printf_s.o(.ARM.Collect$$_printf_percent$$00000014) for _printf_s
    main.o(.text) refers (Special) to _printf_str.o(.text) for _printf_str
    main.o(.text.Action_ToggleFan) refers (Special) to _printf_d.o(.ARM.Collect$$_printf_percent$$00000009) for _printf_d
    main.o(.text.Action_ToggleFan) refers (Special) to _printf_f.o(.ARM.Collect$$_printf_percent$$00000003) for _printf_f
    main.o(.text.Action_ToggleFan) refers (Special) to printf1.o(x$fpl$printf1) for _printf_fp_dec
    main.o(.text.Action_ToggleFan) refers (Special) to _printf_dec.o(.text) for _printf_int_dec
    main.o(.text.Action_ToggleFan) refers (Special) to _printf_percent.o(.ARM.Collect$$_printf_percent$$00000000) for _printf_percent
    main.o(.text.Action_ToggleFan) refers (Special) to _printf_pad.o(.text) for _printf_pre_padding
    main.o(.text.Action_ToggleFan) refers (Special) to _printf_s.o(.ARM.Collect$$_printf_percent$$00000014) for _printf_s
    main.o(.text.Action_ToggleFan) refers (Special) to _printf_str.o(.text) for _printf_str
    main.o(.text.Action_ToggleFan) refers to main.o(.bss.g_fan_status) for g_fan_status
    main.o(.ARM.exidx.text.Action_ToggleFan) refers (Special) to _printf_d.o(.ARM.Collect$$_printf_percent$$00000009) for _printf_d
    main.o(.ARM.exidx.text.Action_ToggleFan) refers (Special) to _printf_f.o(.ARM.Collect$$_printf_percent$$00000003) for _printf_f
    main.o(.ARM.exidx.text.Action_ToggleFan) refers (Special) to printf1.o(x$fpl$printf1) for _printf_fp_dec
    main.o(.ARM.exidx.text.Action_ToggleFan) refers (Special) to _printf_dec.o(.text) for _printf_int_dec
    main.o(.ARM.exidx.text.Action_ToggleFan) refers (Special) to _printf_percent.o(.ARM.Collect$$_printf_percent$$00000000) for _printf_percent
    main.o(.ARM.exidx.text.Action_ToggleFan) refers (Special) to _printf_pad.o(.text) for _printf_pre_padding
    main.o(.ARM.exidx.text.Action_ToggleFan) refers (Special) to _printf_s.o(.ARM.Collect$$_printf_percent$$00000014) for _printf_s
    main.o(.ARM.exidx.text.Action_ToggleFan) refers (Special) to _printf_str.o(.text) for _printf_str
    main.o(.ARM.exidx.text.Action_ToggleFan) refers to main.o(.text.Action_ToggleFan) for [Anonymous Symbol]
    main.o(.text.Action_ToggleLight) refers (Special) to _printf_d.o(.ARM.Collect$$_printf_percent$$00000009) for _printf_d
    main.o(.text.Action_ToggleLight) refers (Special) to _printf_f.o(.ARM.Collect$$_printf_percent$$00000003) for _printf_f
    main.o(.text.Action_ToggleLight) refers (Special) to printf1.o(x$fpl$printf1) for _printf_fp_dec
    main.o(.text.Action_ToggleLight) refers (Special) to _printf_dec.o(.text) for _printf_int_dec
    main.o(.text.Action_ToggleLight) refers (Special) to _printf_percent.o(.ARM.Collect$$_printf_percent$$00000000) for _printf_percent
    main.o(.text.Action_ToggleLight) refers (Special) to _printf_pad.o(.text) for _printf_pre_padding
    main.o(.text.Action_ToggleLight) refers (Special) to _printf_s.o(.ARM.Collect$$_printf_percent$$00000014) for _printf_s
    main.o(.text.Action_ToggleLight) refers (Special) to _printf_str.o(.text) for _printf_str
    main.o(.text.Action_ToggleLight) refers to main.o(.bss.g_light_status) for g_light_status
    main.o(.text.Action_ToggleLight) refers to stm32f1_gpio.o(.text.GPIOx_INIT) for GPIOx_INIT
    main.o(.ARM.exidx.text.Action_ToggleLight) refers (Special) to _printf_d.o(.ARM.Collect$$_printf_percent$$00000009) for _printf_d
    main.o(.ARM.exidx.text.Action_ToggleLight) refers (Special) to _printf_f.o(.ARM.Collect$$_printf_percent$$00000003) for _printf_f
    main.o(.ARM.exidx.text.Action_ToggleLight) refers (Special) to printf1.o(x$fpl$printf1) for _printf_fp_dec
    main.o(.ARM.exidx.text.Action_ToggleLight) refers (Special) to _printf_dec.o(.text) for _printf_int_dec
    main.o(.ARM.exidx.text.Action_ToggleLight) refers (Special) to _printf_percent.o(.ARM.Collect$$_printf_percent$$00000000) for _printf_percent
    main.o(.ARM.exidx.text.Action_ToggleLight) refers (Special) to _printf_pad.o(.text) for _printf_pre_padding
    main.o(.ARM.exidx.text.Action_ToggleLight) refers (Special) to _printf_s.o(.ARM.Collect$$_printf_percent$$00000014) for _printf_s
[...]
    __rt_lib_init_fp_1                       0x080001b9   Thumb Code     0  libinit2.o(.ARM.Collect$$libinit$$00000002)
    __rt_lib_init_heap_1                     0x080001b9   Thumb Code     0  libinit2.o(.ARM.Collect$$libinit$$0000000A)
    __rt_lib_init_lc_common                  0x080001b9   Thumb Code     0  libinit2.o(.ARM.Collect$$libinit$$0000000F)
    __rt_lib_init_preinit_1                  0x080001b9   Thumb Code     0  libinit2.o(.ARM.Collect$$libinit$$00000004)
    __rt_lib_init_rand_1                     0x080001b9   Thumb Code     0  libinit2.o(.ARM.Collect$$libinit$$0000000E)
    __rt_lib_init_user_alloc_1               0x080001b9   Thumb Code     0  libinit2.o(.ARM.Collect$$libinit$$0000000C)
    __rt_lib_init_lc_collate_1               0x080001bf   Thumb Code     0  libinit2.o(.ARM.Collect$$libinit$$00000011)
    __rt_lib_init_lc_ctype_1                 0x080001bf   Thumb Code     0  libinit2.o(.ARM.Collect$$libinit$$00000013)
    __rt_lib_init_lc_monetary_1              0x080001bf   Thumb Code     0  libinit2.o(.ARM.Collect$$libinit$$00000015)
    __rt_lib_init_lc_numeric_2               0x080001bf   Thumb Code     0  libinit2.o(.ARM.Collect$$libinit$$00000016)
    __rt_lib_init_alloca_1                   0x080001c9   Thumb Code     0  libinit2.o(.ARM.Collect$$libinit$$0000002E)
    __rt_lib_init_argv_1                     0x080001c9   Thumb Code     0  libinit2.o(.ARM.Collect$$libinit$$0000002C)
    __rt_lib_init_atexit_1                   0x080001c9   Thumb Code     0  libinit2.o(.ARM.Collect$$libinit$$0000001B)
    __rt_lib_init_clock_1                    0x080001c9   Thumb Code     0  libinit2.o(.ARM.Collect$$libinit$$00000021)
    __rt_lib_init_cpp_1                      0x080001c9   Thumb Code     0  libinit2.o(.ARM.Collect$$libinit$$00000032)
    __rt_lib_init_exceptions_1               0x080001c9   Thumb Code     0  libinit2.o(.ARM.Collect$$libinit$$00000030)
    __rt_lib_init_fp_trap_1                  0x080001c9   Thumb Code     0  libinit2.o(.ARM.Collect$$libinit$$0000001F)
    __rt_lib_init_getenv_1                   0x080001c9   Thumb Code     0  libinit2.o(.ARM.Collect$$libinit$$00000023)
    __rt_lib_init_lc_numeric_1               0x080001c9   Thumb Code     0  libinit2.o(.ARM.Collect$$libinit$$00000017)
    __rt_lib_init_lc_time_1                  0x080001c9   Thumb Code     0  libinit2.o(.ARM.Collect$$libinit$$00000019)
    __rt_lib_init_return                     0x080001c9   Thumb Code     0  libinit2.o(.ARM.Collect$$libinit$$00000033)
    __rt_lib_init_signal_1                   0x080001c9   Thumb Code     0  libinit2.o(.ARM.Collect$$libinit$$0000001D)
    __rt_lib_init_stdio_1                    0x080001c9   Thumb Code     0  libinit2.o(.ARM.Collect$$libinit$$00000025)
    __rt_lib_shutdown                        0x080001cb   Thumb Code     0  libshutdown.o(.ARM.Collect$$libshutdown$$00000000)
    __rt_lib_shutdown_cpp_1                  0x080001cd   Thumb Code     0  libshutdown2.o(.ARM.Collect$$libshutdown$$00000002)
    __rt_lib_shutdown_fp_trap_1              0x080001cd   Thumb Code     0  libshutdown2.o(.ARM.Collect$$libshutdown$$00000007)
    __rt_lib_shutdown_heap_1                 0x080001cd   Thumb Code     0  libshutdown2.o(.ARM.Collect$$libshutdown$$0000000F)
    __rt_lib_shutdown_return                 0x080001cd   Thumb Code     0  libshutdown2.o(.ARM.Collect$$libshutdown$$00000010)
    __rt_lib_shutdown_signal_1               0x080001cd   Thumb Code     0  libshutdown2.o(.ARM.Collect$$libshutdown$$0000000A)
    __rt_lib_shutdown_stdio_1                0x080001cd   Thumb Code     0  libshutdown2.o(.ARM.Collect$$libshutdown$$00000004)
    __rt_lib_shutdown_user_alloc_1           0x080001cd   Thumb Code     0  libshutdown2.o(.ARM.Collect$$libshutdown$$0000000C)
    __rt_entry                               0x080001cf   Thumb Code     0  __rtentry.o(.ARM.Collect$$rtentry$$00000000)
    __rt_entry_presh_1                       0x080001cf   Thumb Code     0  __rtentry2.o(.ARM.Collect$$rtentry$$00000002)
    __rt_entry_sh                            0x080001cf   Thumb Code     0  __rtentry4.o(.ARM.Collect$$rtentry$$00000004)
    __rt_entry_li                            0x080001d5   Thumb Code     0  __rtentry2.o(.ARM.Collect$$rtentry$$0000000A)
    __rt_entry_postsh_1                      0x080001d5   Thumb Code     0  __rtentry2.o(.ARM.Collect$$rtentry$$00000009)
    __rt_entry_main                          0x080001d9   Thumb Code     0  __rtentry2.o(.ARM.Collect$$rtentry$$0000000D)
    __rt_entry_postli_1                      0x080001d9   Thumb Code     0  __rtentry2.o(.ARM.Collect$$rtentry$$0000000C)
    __rt_exit                                0x080001e1   Thumb Code     0  rtexit.o(.ARM.Collect$$rtexit$$00000000)
    __rt_exit_ls                             0x080001e3   Thumb Code     0  rtexit2.o(.ARM.Collect$$rtexit$$00000003)
    __rt_exit_prels_1                        0x080001e3   Thumb Code     0  rtexit2.o(.ARM.Collect$$rtexit$$00000002)
    __rt_exit_exit                           0x080001e7   Thumb Code     0  rtexit2.o(.ARM.Collect$$rtexit$$00000004)
    Reset_Handler                            0x080001ed   Thumb Code     8  startup_stm32f10x_md.o(.text)
    NMI_Handler                              0x080001f5   Thumb Code     2  startup_stm32f10x_md.o(.text)
    HardFault_Handler                        0x080001f7   Thumb Code     2  startup_stm32f10x_md.o(.text)
    MemManage_Handler                        0x080001f9   Thumb Code     2  startup_stm32f10x_md.o(.text)
    BusFault_Handler                         0x080001fb   Thumb Code     2  startup_stm32f10x_md.o(.text)
    UsageFault_Handler                       0x080001fd   Thumb Code     2  startup_stm32f10x_md.o(.text)
    SVC_Handler                              0x080001ff   Thumb Code     2  startup_stm32f10x_md.o(.text)
    DebugMon_Handler                         0x08000201   Thumb Code     2  startup_stm32f10x_md.o(.text)
    PendSV_Handler                           0x08000203   Thumb Code     2  startup_stm32f10x_md.o(.text)
    ADC1_2_IRQHandler                        0x08000207   Thumb Code     0  startup_stm32f10x_md.o(.text)
    CAN1_RX1_IRQHandler                      0x08000207   Thumb Code     0  startup_stm32f10x_md.o(.text)
    CAN1_SCE_IRQHandler                      0x08000207   Thumb Code     0  startup_stm32f10x_md.o(.text)
    DMA1_Channel1_IRQHandler                 0x08000207   Thumb Code     0  startup_stm32f10x_md.o(.text)
    DMA1_Channel2_IRQHandler                 0x08000207   Thumb Code     0  startup_stm32f10x_md.o(.text)
    DMA1_Channel3_IRQHandler                 0x08000207   Thumb Code     0  startup_stm32f10x_md.o(.text)
    DMA1_Channel4_IRQHandler                 0x08000207   Thumb Code     0  startup_stm32f10x_md.o(.text)
    DMA1_Channel5_IRQHandler                 0x08000207   Thumb Code     0  startup_stm32f10x_md.o(.text)
    DMA1_Channel6_IRQHandler                 0x08000207   Thumb Code     0  startup_stm32f10x_md.o(.text)
    DMA1_Channel7_IRQHandler                 0x08000207   Thumb Code     0  startup_stm32f10x_md.o(.text)
    EXTI4_IRQHandler                         0x08000207   Thumb Code     0  startup_stm32f10x_md.o(.text)
    FLASH_IRQHandler                         0x08000207   Thumb Code     0  startup_stm32f10x_md.o(.text)
    I2C1_ER_IRQHandler                       0x08000207   Thumb Code     0  startup_stm32f10x_md.o(.text)
    I2C1_EV_IRQHandler                       0x08000207   Thumb Code     0  startup_stm32f10x_md.o(.text)
    I2C2_ER_IRQHandler                       0x08000207   Thumb Code     0  startup_stm32f10x_md.o(.text)
    I2C2_EV_IRQHandler                       0x08000207   Thumb Code     0  startup_stm32f10x_md.o(.text)
    PVD_IRQHandler                           0x08000207   Thumb Code     0  startup_stm32f10x_md.o(.text)
    RCC_IRQHandler                           0x08000207   Thumb Code     0  startup_stm32f10x_md.o(.text)
    RTCAlarm_IRQHandler                      0x08000207   Thumb Code     0  startup_stm32f10x_md.o(.text)
    SPI1_IRQHandler                          0x08000207   Thumb Code     0  startup_stm32f10x_md.o(.text)
    SPI2_IRQHandler                          0x08000207   Thumb Code     0  startup_stm32f10x_md.o(.text)
    TAMPER_IRQHandler                        0x08000207   Thumb Code     0  startup_stm32f10x_md.o(.text)
    TIM1_BRK_IRQHandler                      0x08000207   Thumb Code     0  startup_stm32f10x_md.o(.text)
    TIM1_CC_IRQHandler                       0x08000207   Thumb Code     0  startup_stm32f10x_md.o(.text)
    TIM1_TRG_COM_IRQHandler                  0x08000207   Thumb Code     0  startup_stm32f10x_md.o(.text)
    TIM1_UP_IRQHandler                       0x08000207   Thumb Code     0  startup_stm32f10x_md.o(.text)
    TIM3_IRQHandler                          0x08000207   Thumb Code     0  startup_stm32f10x_md.o(.text)
    TIM4_IRQHandler                          0x08000207   Thumb Code     0  startup_stm32f10x_md.o(.text)
    USART1_IRQHandler                        0x08000207   Thumb Code     0  startup_stm32f10x_md.o(.text)
    USART2_IRQHandler                        0x08000207   Thumb Code     0  startup_stm32f10x_md.o(.text)
    USART3_IRQHandler                        0x08000207   Thumb Code     0  startup_stm32f10x_md.o(.text)
    USBWakeUp_IRQHandler                     0x08000207   Thumb Code     0  startup_stm32f10x_md.o(.text)
    USB_HP_CAN1_TX_IRQHandler                0x08000207   Thumb Code     0  startup_stm32f10x_md.o(.text)
    USB_LP_CAN1_RX0_IRQHandler               0x08000207   Thumb Code     0  startup_stm32f10x_md.o(.text)
    WWDG_IRQHandler                          0x08000207   Thumb Code     0  startup_stm32f10x_md.o(.text)
    __user_initial_stackheap                 0x08000209   Thumb Code     0  startup_stm32f10x_md.o(.text)
    __2sprintf                               0x0800022d   Thumb Code    34  noretval__2sprintf.o(.text)
    _printf_pre_padding                      0x08000255   Thumb Code    44  _printf_pad.o(.text)
    _printf_post_padding                     0x08000281   Thumb Code    34  _printf_pad.o(.text)
    _printf_str                              0x080002a3   Thumb Code    82  _printf_str.o(.text)
    _printf_int_dec                          0x080002f5   Thumb Code   104  _printf_dec.o(.text)
    __printf                                 0x0800036d   Thumb Code   308  __printf_flags_wp.o(.text)
    __use_two_region_memory                  0x080004a5   Thumb Code     2  heapauxi.o(.text)
    __rt_heap_escrow$2region                 0x080004a7   Thumb Code     2  heapauxi.o(.text)
    __rt_heap_expand$2region                 0x080004a9   Thumb Code     2  heapauxi.o(.text)
    __read_errno                             0x080004ab   Thumb Code    10  _rserrno.o(.text)
    __set_errno                              0x080004b5   Thumb Code    12  _rserrno.o(.text)
    _printf_int_common                       0x080004c1   Thumb Code   178  _printf_intcommon.o(.text)
    _printf_fp_dec_real                      0x08000723   Thumb Code   620  _printf_fp_dec.o(.text)
    _printf_char_common                      0x0800099b   Thumb Code    32  _printf_char_common.o(.text)
    _sputc                                   0x080009c1   Thumb Code    10  _sputc.o(.text)
    _printf_cs_common                        0x080009cb   Thumb Code    20  _printf_char.o(.text)
    _printf_char                             0x080009df   Thumb Code    16  _printf_char.o(.text)
    _printf_string                           0x080009ef   Thumb Code     8  _printf_char.o(.text)
    __rt_locale                              0x080009f9   Thumb Code     8  rt_locale_intlibspace.o(.text)
    __aeabi_errno_addr                       0x08000a01   Thumb Code     8  rt_errno_addr_intlibspace.o(.text)
    __errno$intlibspace                      0x08000a01   Thumb Code     0  rt_errno_addr_intlibspace.o(.text)
    __rt_errno_addr$intlibspace              0x08000a01   Thumb Code     0  rt_errno_addr_intlibspace.o(.text)
    _ll_udiv10                               0x08000a09   Thumb Code   138  lludiv10.o(.text)
    _printf_fp_infnan                        0x08000a95   Thumb Code   112  _printf_fp_infnan.o(.text)
    _btod_etento                             0x08000b15   Thumb Code   224  bigflt0.o(.text)
    __user_libspace                          0x08000bf9   Thumb Code     8  libspace.o(.text)
    __user_perproc_libspace                  0x08000bf9   Thumb Code     0  libspace.o(.text)
    __user_perthread_libspace                0x08000bf9   Thumb Code     0  libspace.o(.text)
    __user_setup_stackheap                   0x08000c01   Thumb Code    74  sys_stackheap_outer.o(.text)
    exit                                     0x08000c4b   Thumb Code    18  exit.o(.text)
    strcmp                                   0x08000c5d   Thumb Code   128  strcmpv7m.o(.text)
    _sys_exit                                0x08000cdd   Thumb Code     8  sys_exit.o(.text)
    __I$use$semihosting                      0x08000ce9   Thumb Code     0  use_no_semi.o(.text)
    __use_no_semihosting_swi                 0x08000ce9   Thumb Code     2  use_no_semi.o(.text)
    __semihosting_library_function           0x08000ceb   Thumb Code     0  indicate_semi.o(.text)
    Action_Alarm                             0x08000ced   Thumb Code   304  main.o(.text.Action_Alarm)
    Action_ToggleFan                         0x08000e1d   Thumb Code    42  main.o(.text.Action_ToggleFan)
    Action_ToggleLcdBacklight                0x08000e49   Thumb Code    40  main.o(.text.Action_ToggleLcdBacklight)
    Action_ToggleLed7Seg                     0x08000e71   Thumb Code    28  main.o(.text.Action_ToggleLed7Seg)
    Action_ToggleLight                       0x08000e8d   Thumb Code    64  main.o(.text.Action_ToggleLight)
    Action_current_rtc                       0x08000ecd   Thumb Code    24  main.o(.text.Action_current_rtc)
    CLCD_I2C_BacklightOff                    0x08000eed   Thumb Code    16  lcd_i2c.o(.text.CLCD_I2C_BacklightOff)
    CLCD_I2C_BacklightOn                     0x08000efd   Thumb Code    16  lcd_i2c.o(.text.CLCD_I2C_BacklightOn)
    CLCD_I2C_Clear                           0x08000f0d   Thumb Code    18  lcd_i2c.o(.text.CLCD_I2C_Clear)
    CLCD_I2C_Init                            0x08000f21   Thumb Code   146  lcd_i2c.o(.text.CLCD_I2C_Init)
    CLCD_I2C_SetCursor                       0x08000fb5   Thumb Code    64  lcd_i2c.o(.text.CLCD_I2C_SetCursor)
    CLCD_I2C_WriteChar                       0x08000ff5   Thumb Code    10  lcd_i2c.o(.text.CLCD_I2C_WriteChar)
    CLCD_I2C_WriteString                     0x08001001   Thumb Code    34  lcd_i2c.o(.text.CLCD_I2C_WriteString)
    DateTimeToSeconds                        0x08001091   Thumb Code   156  rtc.o(.text.DateTimeToSeconds)
    DisplayDateEditor                        0x0800112d   Thumb Code   200  main.o(.text.DisplayDateEditor)
    DisplayMenu                              0x080011f5   Thumb Code   208  main.o(.text.DisplayMenu)
    DisplayNumericEditor                     0x080012c5   Thumb Code   128  main.o(.text.DisplayNumericEditor)
    DisplayTimeEditor                        0x08001345   Thumb Code   152  main.o(.text.DisplayTimeEditor)
    EXTI0_IRQHandler                         0x080013dd   Thumb Code    42  main.o(.text.EXTI0_IRQHandler)
    EXTI15_10_IRQHandler                     0x08001409   Thumb Code    42  main.o(.text.EXTI15_10_IRQHandler)
    EXTI1_IRQHandler                         0x08001435   Thumb Code    42  main.o(.text.EXTI1_IRQHandler)
    EXTI2_IRQHandler                         0x08001461   Thumb Code    42  main.o(.text.EXTI2_IRQHandler)
    EXTI3_IRQHandler                         0x0800148d   Thumb Code    42  main.o(.text.EXTI3_IRQHandler)
    EXTI9_5_IRQHandler                       0x080014b9   Thumb Code    36  main.o(.text.EXTI9_5_IRQHandler)
    EXTI_Config_Init                         0x080014dd   Thumb Code   146  main.o(.text.EXTI_Config_Init)
    EXTI_Init                                0x08001571   Thumb Code   280  stm32f1_gpio.o(.text.EXTI_Init)
    GPIO_ClockControl                        0x08001689   Thumb Code   122  stm32f1_gpio.o(.text.GPIO_ClockControl)
    GPIO_Init                                0x08001705   Thumb Code   274  stm32f1_gpio.o(.text.GPIO_Init)
    GPIO_Write                               0x08001819   Thumb Code    22  stm32f1_gpio.o(.text.GPIO_Write)
    GPIOx_INIT                               0x08001831   Thumb Code    36  stm32f1_gpio.o(.text.GPIOx_INIT)
    GetDaysInMonth                           0x08001855   Thumb Code    56  rtc.o(.text.GetDaysInMonth)
    Get_Millis                               0x0800188d   Thumb Code    12  delay_sys.o(.text.Get_Millis)
    HandleEditInput                          0x08001899   Thumb Code   556  main.o(.text.HandleEditInput)
    I2Cx_INIT                                0x08001ac5   Thumb Code   250  i2c.o(.text.I2Cx_INIT)
    IsLeapYear                               0x08001bc1   Thumb Code    64  rtc.o(.text.IsLeapYear)
    MAX31865_Configuration_info              0x08001c01   Thumb Code    72  max31865_lib.o(.text.MAX31865_Configuration_info)
    MAX31865_Get_Temperature                 0x08001c49   Thumb Code   132  max31865_lib.o(.text.MAX31865_Get_Temperature)
    MAX31865_Get_Temperature_math            0x08001ccd   Thumb Code   390  max31865_lib.o(.text.MAX31865_Get_Temperature_math)
    MAX31865_Init                            0x08001e55   Thumb Code   146  max31865_lib.o(.text.MAX31865_Init)
    NVICx_Init                               0x08001f41   Thumb Code    36  delay_sys.o(.text.NVICx_Init)
    PID                                      0x08001f65   Thumb Code   498  main.o(.text.PID)
    ProcessMenu                              0x08002159   Thumb Code   544  main.o(.text.ProcessMenu)
    RTC_GetDateTime                          0x08002379   Thumb Code    30  rtc.o(.text.RTC_GetDateTime)
    RTC_IRQHandler                           0x08002399   Thumb Code    58  rtc.o(.text.RTC_IRQHandler)
    RTC_Init                                 0x080023d5   Thumb Code   146  rtc.o(.text.RTC_Init)
    RTC_SetDateTime                          0x08002469   Thumb Code    76  rtc.o(.text.RTC_SetDateTime)
    SPI_Init                                 0x080024b5   Thumb Code   114  stm32f1_spi_driver.o(.text.SPI_Init)
    SPI_MasterReceiveData                    0x08002529   Thumb Code   132  stm32f1_spi_driver.o(.text.SPI_MasterReceiveData)
    SPI_PeriClockControl                     0x080025ad   Thumb Code   108  stm32f1_spi_driver.o(.text.SPI_PeriClockControl)
    SPI_PeripheralControl                    0x08002619   Thumb Code    32  stm32f1_spi_driver.o(.text.SPI_PeripheralControl)
    SPI_SendData                             0x08002639   Thumb Code   102  stm32f1_spi_driver.o(.text.SPI_SendData)
    SecondsToDateTime                        0x080026a1   Thumb Code   214  rtc.o(.text.SecondsToDateTime)
    SysTick_Handler                          0x08002841   Thumb Code    16  delay_sys.o(.text.SysTick_Handler)
    SysTick_Init                             0x08002851   Thumb Code    68  delay_sys.o(.text.SysTick_Init)
    SystemInit                               0x08002895   Thumb Code    86  system_stm32f10x.o(.text.SystemInit)
    TIM2_IRQHandler                          0x080028ed   Thumb Code    60  main.o(.text.TIM2_IRQHandler)
    Timer_Scan_LED_Init                      0x08002929   Thumb Code    80  led7seg.o(.text.Timer_Scan_LED_Init)
    checkBusy                                0x08002a41   Thumb Code    16  i2c.o(.text.checkBusy)
    ckeck_alarm                              0x08002a51   Thumb Code    66  main.o(.text.ckeck_alarm)
    delay_ms                                 0x08002a95   Thumb Code    22  delay_sys.o(.text.delay_ms)
    delay_us                                 0x08002aad   Thumb Code    92  delay_sys.o(.text.delay_us)
    get_average_temperature                  0x08002b09   Thumb Code    84  main.o(.text.get_average_temperature)
    i2c_Start                                0x08002b5d   Thumb Code   120  i2c.o(.text.i2c_Start)
    i2c_Stop                                 0x08002bd5   Thumb Code    62  i2c.o(.text.i2c_Stop)
    i2c_sendData                             0x08002c15   Thumb Code    72  i2c.o(.text.i2c_sendData)
    led7seg_init_gpio_custom                 0x08002c5d   Thumb Code   320  led7seg.o(.text.led7seg_init_gpio_custom)
    led7seg_scan_custom                      0x08002d9d   Thumb Code    54  led7seg.o(.text.led7seg_scan_custom)
    led7seg_select_led_custom                0x08002dd5   Thumb Code    78  led7seg.o(.text.led7seg_select_led_custom)
    led7seg_set_segments_custom              0x08002e25   Thumb Code   108  led7seg.o(.text.led7seg_set_segments_custom)
    led7seg_update_display_custom            0x08002e91   Thumb Code   122  led7seg.o(.text.led7seg_update_display_custom)
    main                                     0x08002f0d   Thumb Code   368  main.o(.text.main)
    round_temperature                        0x0800307d   Thumb Code    54  main.o(.text.round_temperature)
    setup_MAX31865_SPI                       0x080030b5   Thumb Code   126  main.o(.text.setup_MAX31865_SPI)
    update_display_if_needed                 0x0800313d   Thumb Code   110  main.o(.text.update_display_if_needed)
    _btod_d2e                                0x080031ab   Thumb Code    62  btod.o(CL$$btod_d2e)
    _d2e_denorm_low                          0x080031e9   Thumb Code    70  btod.o(CL$$btod_d2e_denorm_low)
    _d2e_norm_op1                            0x0800322f   Thumb Code    96  btod.o(CL$$btod_d2e_norm_op1)
    __btod_div_common                        0x0800328f   Thumb Code   696  btod.o(CL$$btod_div_common)
    _e2e                                     0x080035c7   Thumb Code   220  btod.o(CL$$btod_e2e)
    _btod_ediv                               0x080036a3   Thumb Code    42  btod.o(CL$$btod_ediv)
    _btod_emul                               0x080036cd   Thumb Code    42  btod.o(CL$$btod_emul)
    __btod_mult_common                       0x080036f7   Thumb Code   580  btod.o(CL$$btod_mult_common)
    __ARM_fpclassify                         0x0800393b   Thumb Code    40  fpclassify.o(i.__ARM_fpclassify)
    __kernel_poly                            0x08003963   Thumb Code   170  poly.o(i.__kernel_poly)
    __mathlib_dbl_divzero                    0x08003a0d   Thumb Code    12  dunder.o(i.__mathlib_dbl_divzero)
    __mathlib_dbl_infnan2                    0x08003a1d   Thumb Code     4  dunder.o(i.__mathlib_dbl_infnan2)
    __mathlib_dbl_invalid                    0x08003a21   Thumb Code    12  dunder.o(i.__mathlib_dbl_invalid)
    __mathlib_dbl_overflow                   0x08003a2d   Thumb Code    14  dunder.o(i.__mathlib_dbl_overflow)
    __mathlib_dbl_underflow                  0x08003a3d   Thumb Code    10  dunder.o(i.__mathlib_dbl_underflow)
    _is_digit                                0x08003a4d   Thumb Code    14  __printf_wp.o(i._is_digit)
    pow                                      0x08003a5d   Thumb Code  2512  pow.o(i.pow)
    sqrt                                     0x08004435   Thumb Code    76  sqrt.o(i.sqrt)
    _get_lc_numeric                          0x08004481   Thumb Code    44  lc_numeric_c.o(locale$$code)
    __aeabi_d2f                              0x080044ad   Thumb Code     0  d2f.o(x$fpl$d2f)
    _d2f                                     0x080044ad   Thumb Code    98  d2f.o(x$fpl$d2f)
    __aeabi_dadd                             0x08004511   Thumb Code     0  daddsub_clz.o(x$fpl$dadd)
    _dadd                                    0x08004511   Thumb Code   332  daddsub_clz.o(x$fpl$dadd)
    __fpl_dcheck_NaN1                        0x08004661   Thumb Code    10  dcheck1.o(x$fpl$dcheck1)
    __fpl_dcmp_Inf                           0x08004671   Thumb Code    24  dcmpi.o(x$fpl$dcmpinf)
    __aeabi_ddiv                             0x08004689   Thumb Code     0  ddiv.o(x$fpl$ddiv)
    _ddiv                                    0x08004689   Thumb Code   552  ddiv.o(x$fpl$ddiv)
    __aeabi_cdcmpeq                          0x08004939   Thumb Code     0  deqf.o(x$fpl$deqf)
    _dcmpeq                                  0x08004939   Thumb Code   120  deqf.o(x$fpl$deqf)
    __aeabi_d2iz                             0x080049b1   Thumb Code     0  dfix.o(x$fpl$dfix)
    _dfix                                    0x080049b1   Thumb Code    94  dfix.o(x$fpl$dfix)
    __aeabi_i2d                              0x08004a0f   Thumb Code     0  dflt_clz.o(x$fpl$dflt)
    _dflt                                    0x08004a0f   Thumb Code    46  dflt_clz.o(x$fpl$dflt)
    __aeabi_ui2d                             0x08004a3d   Thumb Code     0  dflt_clz.o(x$fpl$dfltu)
    _dfltu                                   0x08004a3d   Thumb Code    38  dflt_clz.o(x$fpl$dfltu)
    __aeabi_cdcmpge                          0x08004a65   Thumb Code     0  dgeqf.o(x$fpl$dgeqf)
    _dcmpge                                  0x08004a65   Thumb Code   120  dgeqf.o(x$fpl$dgeqf)
    __aeabi_cdcmple                          0x08004add   Thumb Code     0  dleqf.o(x$fpl$dleqf)
    _dcmple                                  0x08004add   Thumb Code   120  dleqf.o(x$fpl$dleqf)
    __fpl_dcmple_InfNaN                      0x08004b3f   Thumb Code     0  dleqf.o(x$fpl$dleqf)
    __aeabi_dmul                             0x08004b55   Thumb Code     0  dmul.o(x$fpl$dmul)
    _dmul                                    0x08004b55   Thumb Code   332  dmul.o(x$fpl$dmul)
    __fpl_dnaninf                            0x08004ca9   Thumb Code   156  dnaninf.o(x$fpl$dnaninf)
    __fpl_dretinf                            0x08004d45   Thumb Code    12  dretinf.o(x$fpl$dretinf)
    __aeabi_cdrcmple                         0x08004d51   Thumb Code     0  drleqf.o(x$fpl$drleqf)
    _drcmple                                 0x08004d51   Thumb Code   108  drleqf.o(x$fpl$drleqf)
    __aeabi_drsub                            0x08004dbd   Thumb Code     0  daddsub_clz.o(x$fpl$drsb)
    _drsb                                    0x08004dbd   Thumb Code    22  daddsub_clz.o(x$fpl$drsb)
    _dsqrt                                   0x08004dd5   Thumb Code   456  dsqrt_noumaal.o(x$fpl$dsqrt)
    __aeabi_dsub                             0x08004fa1   Thumb Code     0  daddsub_clz.o(x$fpl$dsub)
    _dsub                                    0x08004fa1   Thumb Code   464  daddsub_clz.o(x$fpl$dsub)
    __aeabi_f2d                              0x08005175   Thumb Code     0  f2d.o(x$fpl$f2d)
    _f2d                                     0x08005175   Thumb Code    86  f2d.o(x$fpl$f2d)
    __aeabi_fadd                             0x080051cd   Thumb Code     0  faddsub_clz.o(x$fpl$fadd)
    _fadd                                    0x080051cd   Thumb Code   196  faddsub_clz.o(x$fpl$fadd)
    __aeabi_dcmpeq                           0x08005291   Thumb Code     0  dcmp.o(x$fpl$fcmp)
    _deq                                     0x08005291   Thumb Code    14  dcmp.o(x$fpl$fcmp)
    _dneq                                    0x0800529f   Thumb Code    14  dcmp.o(x$fpl$fcmp)
    __aeabi_dcmpgt                           0x080052ad   Thumb Code     0  dcmp.o(x$fpl$fcmp)
    _dgr                                     0x080052ad   Thumb Code    14  dcmp.o(x$fpl$fcmp)
    __aeabi_dcmpge                           0x080052bb   Thumb Code     0  dcmp.o(x$fpl$fcmp)
    _dgeq                                    0x080052bb   Thumb Code    14  dcmp.o(x$fpl$fcmp)
    __aeabi_dcmple                           0x080052c9   Thumb Code     0  dcmp.o(x$fpl$fcmp)
    _dleq                                    0x080052c9   Thumb Code    14  dcmp.o(x$fpl$fcmp)
    __aeabi_dcmplt                           0x080052d7   Thumb Code     0  dcmp.o(x$fpl$fcmp)
    _dls                                     0x080052d7   Thumb Code    14  dcmp.o(x$fpl$fcmp)
    __aeabi_fcmpeq                           0x080052e5   Thumb Code     0  fcmp.o(x$fpl$fcmp)
    _feq                                     0x080052e5   Thumb Code    14  fcmp.o(x$fpl$fcmp)
    _fneq                                    0x080052f3   Thumb Code    14  fcmp.o(x$fpl$fcmp)
    __aeabi_fcmpgt                           0x08005301   Thumb Code     0  fcmp.o(x$fpl$fcmp)
    _fgr                                     0x08005301   Thumb Code    14  fcmp.o(x$fpl$fcmp)
    __aeabi_fcmpge                           0x0800530f   Thumb Code     0  fcmp.o(x$fpl$fcmp)
    _fgeq                                    0x0800530f   Thumb Code    14  fcmp.o(x$fpl$fcmp)
    __aeabi_fcmple                           0x0800531d   Thumb Code     0  fcmp.o(x$fpl$fcmp)
    _fleq                                    0x0800531d   Thumb Code    14  fcmp.o(x$fpl$fcmp)
    __aeabi_fcmplt                           0x0800532b   Thumb Code     0  fcmp.o(x$fpl$fcmp)
    _fls                                     0x0800532b   Thumb Code    14  fcmp.o(x$fpl$fcmp)
    __fpl_fcmp_Inf                           0x08005339   Thumb Code    24  fcmpi.o(x$fpl$fcmpinf)
    __aeabi_fdiv                             0x08005351   Thumb Code     0  fdiv.o(x$fpl$fdiv)
    _fdiv                                    0x08005351   Thumb Code   384  fdiv.o(x$fpl$fdiv)
    __aeabi_cfcmpeq                          0x080054d5   Thumb Code     0  feqf.o(x$fpl$feqf)
    _fcmpeq                                  0x080054d5   Thumb Code   104  feqf.o(x$fpl$feqf)
    __aeabi_f2iz                             0x0800553d   Thumb Code     0  ffix.o(x$fpl$ffix)
    _ffix                                    0x0800553d   Thumb Code    54  ffix.o(x$fpl$ffix)
    __aeabi_f2uiz                            0x08005575   Thumb Code     0  ffixu.o(x$fpl$ffixu)
    _ffixu                                   0x08005575   Thumb Code    62  ffixu.o(x$fpl$ffixu)
    __aeabi_i2f                              0x080055b5   Thumb Code     0  fflt_clz.o(x$fpl$fflt)
    _fflt                                    0x080055b5   Thumb Code    48  fflt_clz.o(x$fpl$fflt)
    _fcmpge                                  0x080055e5   Thumb Code   104  fgeqf.o(x$fpl$fgeqf)
    __aeabi_cfcmple                          0x0800564d   Thumb Code     0  fleqf.o(x$fpl$fleqf)
    _fcmple                                  0x0800564d   Thumb Code   104  fleqf.o(x$fpl$fleqf)
    __fpl_fcmple_InfNaN                      0x0800569f   Thumb Code     0  fleqf.o(x$fpl$fleqf)
    __aeabi_fmul                             0x080056b5   Thumb Code     0  fmul.o(x$fpl$fmul)
    _fmul                                    0x080056b5   Thumb Code   258  fmul.o(x$fpl$fmul)
    __fpl_fnaninf                            0x080057b7   Thumb Code   140  fnaninf.o(x$fpl$fnaninf)
    __fpl_fretinf                            0x08005843   Thumb Code    10  fretinf.o(x$fpl$fretinf)
    __aeabi_fsub                             0x0800584d   Thumb Code     0  faddsub_clz.o(x$fpl$fsub)
    _fsub                                    0x0800584d   Thumb Code   234  faddsub_clz.o(x$fpl$fsub)
    _printf_fp_dec                           0x08005937   Thumb Code     4  printf1.o(x$fpl$printf1)
    __fpl_return_NaN                         0x0800593b   Thumb Code   100  retnan.o(x$fpl$retnan)
    __ARM_scalbn                             0x0800599f   Thumb Code    92  scalbn.o(x$fpl$scalbn)
    __fpl_cmpreturn                          0x080059fb   Thumb Code    48  trapv.o(x$fpl$trapveneer)
    __I$use$fp                               0x08005a2a   Number         0  usenofp.o(x$fpl$usenofp)
    __mathlib_zero                           0x08005ac8   Data           8  qnan.o(.constdata)
    segment_codes                            0x08005b64   Data          11  led7seg.o(.rodata.segment_codes)
    Region$$Table$$Base                      0x08005e1c   Number         0  anon$$obj.o(Region$$Table)
    Region$$Table$$Limit                     0x08005e3c   Number         0  anon$$obj.o(Region$$Table)
    MAX31865_SPI                             0x20000000   Data           4  max31865_lib.o(.data.MAX31865_SPI)
    SystemCoreClock                          0x20000004   Data           4  system_stm32f10x.o(.data.SystemCoreClock)
    action_data_fan                          0x20000008   Data           4  main.o(.data.action_data_fan)
    action_data_lcd                          0x2000000c   Data           4  main.o(.data.action_data_lcd)
    action_data_led7                         0x20000010   Data           4  main.o(.data.action_data_led7)
    action_data_light                        0x20000014   Data           4  main.o(.data.action_data_light)
    action_data_time_date                    0x20000018   Data           4  main.o(.data.action_data_time_date)
    checke_alarm                             0x2000001c   Data           4  main.o(.data.checke_alarm)
    config_alarm_date_data                   0x20000020   Data           8  main.o(.data.config_alarm_date_data)
    config_alarm_time_data                   0x20000028   Data           8  main.o(.data.config_alarm_time_data)
    config_date_data                         0x20000030   Data           8  main.o(.data.config_date_data)
    config_temp_data                         0x20000038   Data          20  main.o(.data.config_temp_data)
    config_time_data                         0x2000004c   Data           8  main.o(.data.config_time_data)
    current_rtc                              0x20000054   Data          24  main.o(.data.current_rtc)
    display7seg                              0x2000006c   Data           1  main.o(.data.display7seg)
    g_alarmDate                              0x2000006e   Data           4  main.o(.data.g_alarmDate)
    g_alarmTime                              0x20000072   Data           3  main.o(.data.g_alarmTime)
    g_date_setting                           0x20000076   Data           4  main.o(.data.g_date_setting)
    g_lcd_backlight_status                   0x2000007a   Data           1  main.o(.data.g_lcd_backlight_status)
    g_led7seg_status                         0x2000007b   Data           1  main.o(.data.g_led7seg_status)
    g_temperature_setting                    0x2000007c   Data           4  main.o(.data.g_temperature_setting)
    g_time_setting                           0x20000080   Data           3  main.o(.data.g_time_setting)
    item_Chicken                             0x20000084   Data          24  main.o(.data.item_Chicken)
    item_Duck                                0x2000009c   Data          24  main.o(.data.item_Duck)
    item_Quail                               0x200000b4   Data          24  main.o(.data.item_Quail)
    item_alram_temp                          0x200000cc   Data          24  main.o(.data.item_alram_temp)
    item_chicken_w1                          0x200000e4   Data          24  main.o(.data.item_chicken_w1)
    item_chicken_w2                          0x200000fc   Data          24  main.o(.data.item_chicken_w2)
    item_chicken_w3                          0x20000114   Data          24  main.o(.data.item_chicken_w3)
    item_duck_w1_2                           0x2000012c   Data          24  main.o(.data.item_duck_w1_2)
    item_duck_w3                             0x20000144   Data          24  main.o(.data.item_duck_w3)
    item_duck_w4                             0x2000015c   Data          24  main.o(.data.item_duck_w4)
    item_main_auto                           0x20000174   Data          24  main.o(.data.item_main_auto)
    item_main_manual                         0x2000018c   Data          24  main.o(.data.item_main_manual)
    item_main_settings                       0x200001a4   Data          24  main.o(.data.item_main_settings)
    item_manual_date                         0x200001bc   Data          24  main.o(.data.item_manual_date)
    item_manual_on_off                       0x200001d4   Data          24  main.o(.data.item_manual_on_off)
    item_manual_temp                         0x200001ec   Data          24  main.o(.data.item_manual_temp)
    item_manual_time                         0x20000204   Data          24  main.o(.data.item_manual_time)
    item_settings_date                       0x2000021c   Data          24  main.o(.data.item_settings_date)
    item_settings_fan                        0x20000234   Data          24  main.o(.data.item_settings_fan)
    item_settings_fanlight                   0x2000024c   Data          24  main.o(.data.item_settings_fanlight)
    item_settings_light                      0x20000264   Data          24  main.o(.data.item_settings_light)
    item_settings_other                      0x2000027c   Data          24  main.o(.data.item_settings_other)
    item_settings_other_lcd                  0x20000294   Data          24  main.o(.data.item_settings_other_lcd)
    item_settings_other_led7                 0x200002ac   Data          24  main.o(.data.item_settings_other_led7)
    item_settings_time                       0x200002c4   Data          24  main.o(.data.item_settings_time)
    item_settings_time_date                  0x200002dc   Data          24  main.o(.data.item_settings_time_date)
    item_timed_on_off                        0x200002f4   Data          24  main.o(.data.item_timed_on_off)
    kd                                       0x2000030c   Data           4  main.o(.data.kd)
    ki                                       0x20000310   Data           4  main.o(.data.ki)
    kp                                       0x20000314   Data           4  main.o(.data.kp)
    last_displayed_temperature               0x20000318   Data           4  main.o(.data.last_displayed_temperature)
    menu_Alarm_Temp                          0x2000031c   Data          16  main.o(.data.menu_Alarm_Temp)
    menu_auto                                0x2000032c   Data          16  main.o(.data.menu_auto)
    menu_chicken                             0x2000033c   Data          16  main.o(.data.menu_chicken)
    menu_duck                                0x2000034c   Data          16  main.o(.data.menu_duck)
    menu_fan_light                           0x2000035c   Data          16  main.o(.data.menu_fan_light)
    menu_main                                0x2000036c   Data          16  main.o(.data.menu_main)
    menu_manual                              0x2000037c   Data          16  main.o(.data.menu_manual)
    menu_other_devices                       0x2000038c   Data          16  main.o(.data.menu_other_devices)
    menu_quail                               0x2000039c   Data          16  main.o(.data.menu_quail)
    menu_settings                            0x200003ac   Data          16  main.o(.data.menu_settings)
    menu_time_date                           0x200003bc   Data          16  main.o(.data.menu_time_date)
    setpoint                                 0x200003cc   Data           4  main.o(.data.setpoint)
    submenu_Chicken                          0x200003d0   Data           4  main.o(.data.submenu_Chicken)
    submenu_Duck                             0x200003d4   Data           4  main.o(.data.submenu_Duck)
    submenu_Quail                            0x200003d8   Data           4  main.o(.data.submenu_Quail)
    submenu_alram_temp                       0x200003dc   Data           4  main.o(.data.submenu_alram_temp)
    submenu_data_auto                        0x200003e0   Data           4  main.o(.data.submenu_data_auto)
    submenu_data_fanlight                    0x200003e4   Data           4  main.o(.data.submenu_data_fanlight)
    submenu_data_manual                      0x200003e8   Data           4  main.o(.data.submenu_data_manual)
    submenu_data_other                       0x200003ec   Data           4  main.o(.data.submenu_data_other)
    submenu_data_settings                    0x200003f0   Data           4  main.o(.data.submenu_data_settings)
    submenu_time_date                        0x200003f4   Data           4  main.o(.data.submenu_time_date)
    __libspace_start                         0x200003f8   Data          96  libspace.o(.bss)
    LCD1                                     0x20000458   Data          12  main.o(.bss.LCD1)
    __temporary_stack_top$libspace           0x20000458   Data           0  libspace.o(.bss)
    MAX31865_PT100_T                         0x20000468   Data           8  max31865_lib.o(.bss.MAX31865_PT100_T)
    MAX31865_Sensor_Error                    0x20000470   Data           1  max31865_lib.o(.bss.MAX31865_Sensor_Error)
    PID_d                                    0x20000474   Data           4  main.o(.bss.PID_d)
    PID_error                                0x20000478   Data           4  main.o(.bss.PID_error)
    PID_i                                    0x2000047c   Data           4  main.o(.bss.PID_i)
    PID_p                                    0x20000480   Data           4  main.o(.bss.PID_p)
    PID_value                                0x20000484   Data           4  main.o(.bss.PID_value)
    PT100_Temperature                        0x20000488   Data           4  main.o(.bss.PT100_Temperature)
    Time                                     0x2000048c   Data           4  main.o(.bss.Time)
    avg_temperature                          0x20000490   Data           4  main.o(.bss.avg_temperature)
    current_led_idx_custom                   0x20000494   Data           1  led7seg.o(.bss.current_led_idx_custom)
    current_time                             0x20000498   Data           4  main.o(.bss.current_time)
    display_buffer                           0x2000049c   Data           4  led7seg.o(.bss.display_buffer)
    elapsedTime                              0x200004a0   Data           4  main.o(.bss.elapsedTime)
    g_alarmEnabled                           0x200004a4   Data           1  main.o(.bss.g_alarmEnabled)
    g_button_flags                           0x200004a5   Data           1  main.o(.bss.g_button_flags)
    g_currentDate                            0x200004a6   Data           4  rtc.o(.bss.g_currentDate)
    g_currentTime                            0x200004aa   Data           3  rtc.o(.bss.g_currentTime)
    g_current_menu                           0x200004b0   Data           4  main.o(.bss.g_current_menu)
    g_edit_date                              0x200004b4   Data           4  main.o(.bss.g_edit_date)
    g_edit_field_selector                    0x200004b8   Data           1  main.o(.bss.g_edit_field_selector)
    g_edit_temperature                       0x200004bc   Data           4  main.o(.bss.g_edit_temperature)
    g_edit_time                              0x200004c0   Data           3  main.o(.bss.g_edit_time)
    g_fan_status                             0x200004c3   Data           1  main.o(.bss.g_fan_status)
    g_item_being_edited                      0x200004c4   Data           4  main.o(.bss.g_item_being_edited)
    g_light_status                           0x200004c8   Data           1  main.o(.bss.g_light_status)
    g_menu_state                             0x200004c9   Data           1  main.o(.bss.g_menu_state)
    g_sysTickMillis                          0x200004cc   Data           4  delay_sys.o(.bss.g_sysTickMillis)
    previous_error                           0x200004d0   Data           4  main.o(.bss.previous_error)
    sample_index                             0x200004d4   Data           4  main.o(.bss.sample_index)
    temp_utime                               0x200004d8   Data           4  main.o(.bss.temp_utime)
    temperature_samples                      0x200004dc   Data          80  main.o(.bss.temperature_samples)
    thoigian                                 0x2000052c   Data           4  main.o(.bss.thoigian)
    timePrev                                 0x20000530   Data           4  main.o(.bss.timePrev)
    time_check                               0x20000534   Data           4  main.o(.bss.time_check)
    timeout_i2c                              0x20000538   Data           4  i2c.o(.bss.timeout_i2c)
    zero_cross_detected                      0x2000053c   Data           1  main.o(.bss.zero_cross_detected)



==============================================================================

Memory Map of the image

  Image Entry point : 0x080000ed

  Load Region LR_IROM1 (Base: 0x08000000, Size: 0x00006250, Max: 0x00010000, ABSOLUTE, COMPRESSED[0x00006080])

    Execution Region ER_IROM1 (Exec base: 0x08000000, Load base: 0x08000000, Size: 0x00005e58, Max: 0x00010000, ABSOLUTE)

    Exec Addr    Load Addr    Size         Type   Attr      Idx    E Section Name        Object

    0x08000000   0x08000000   0x000000ec   Data   RO          513    RESET               startup_stm32f10x_md.o
    0x080000ec   0x080000ec   0x00000008   Code   RO          578  * !!!main             c_w.l(__main.o)
    0x080000f4   0x080000f4   0x00000034   Code   RO          944    !!!scatter          c_w.l(__scatter.o)
    0x08000128   0x08000128   0x0000005a   Code   RO          942    !!dczerorl2         c_w.l(__dczerorl2.o)
    0x08000182   0x08000182   0x00000002   PAD
    0x08000184   0x08000184   0x0000001c   Code   RO          946    !!handler_zi        c_w.l(__scatter_zi.o)
    0x080001a0   0x080001a0   0x00000000   Code   RO          575    .ARM.Collect$$_printf_percent$$00000000  c_w.l(_printf_percent.o)
    0x080001a0   0x080001a0   0x00000006   Code   RO          574    .ARM.Collect$$_printf_percent$$00000003  c_w.l(_printf_f.o)
    0x080001a6   0x080001a6   0x00000006   Code   RO          573    .ARM.Collect$$_printf_percent$$00000009  c_w.l(_printf_d.o)
    0x080001ac   0x080001ac   0x00000006   Code   RO          572    .ARM.Collect$$_printf_percent$$00000014  c_w.l(_printf_s.o)
    0x080001b2   0x080001b2   0x00000004   Code   RO          671    .ARM.Collect$$_printf_percent$$00000017  c_w.l(_printf_percent_end.o)
    0x080001b6   0x080001b6   0x00000002   Code   RO          803    .ARM.Collect$$libinit$$00000000  c_w.l(libinit.o)
    0x080001b8   0x080001b8   0x00000000   Code   RO          805    .ARM.Collect$$libinit$$00000002  c_w.l(libinit2.o)
    0x080001b8   0x080001b8   0x00000000   Code   RO          807    .ARM.Collect$$libinit$$00000004  c_w.l(libinit2.o)
    0x080001b8   0x080001b8   0x00000000   Code   RO          810    .ARM.Collect$$libinit$$0000000A  c_w.l(libinit2.o)
    0x080001b8   0x080001b8   0x00000000   Code   RO          812    .ARM.Collect$$libinit$$0000000C  c_w.l(libinit2.o)
    0x080001b8   0x080001b8   0x00000000   Code   RO          814    .ARM.Collect$$libinit$$0000000E  c_w.l(libinit2.o)
    0x080001b8   0x080001b8   0x00000006   Code   RO          815    .ARM.Collect$$libinit$$0000000F  c_w.l(libinit2.o)
    0x080001be   0x080001be   0x00000000   Code   RO          817    .ARM.Collect$$libinit$$00000011  c_w.l(libinit2.o)
    0x080001be   0x080001be   0x00000000   Code   RO          819    .ARM.Collect$$libinit$$00000013  c_w.l(libinit2.o)
    0x080001be   0x080001be   0x00000000   Code   RO          821    .ARM.Collect$$libinit$$00000015  c_w.l(libinit2.o)
    0x080001be   0x080001be   0x0000000a   Code   RO          822    .ARM.Collect$$libinit$$00000016  c_w.l(libinit2.o)
    0x080001c8   0x080001c8   0x00000000   Code   RO          823    .ARM.Collect$$libinit$$00000017  c_w.l(libinit2.o)
    0x080001c8   0x080001c8   0x00000000   Code   RO          825    .ARM.Collect$$libinit$$00000019  c_w.l(libinit2.o)
    0x080001c8   0x080001c8   0x00000000   Code   RO          827    .ARM.Collect$$libinit$$0000001B  c_w.l(libinit2.o)
    0x080001c8   0x080001c8   0x00000000   Code   RO          829    .ARM.Collect$$libinit$$0000001D  c_w.l(libinit2.o)
    0x080001c8   0x080001c8   0x00000000   Code   RO          831    .ARM.Collect$$libinit$$0000001F  c_w.l(libinit2.o)
    0x080001c8   0x080001c8   0x00000000   Code   RO          833    .ARM.Collect$$libinit$$00000021  c_w.l(libinit2.o)
    0x080001c8   0x080001c8   0x00000000   Code   RO          835    .ARM.Collect$$libinit$$00000023  c_w.l(libinit2.o)
    0x080001c8   0x080001c8   0x00000000   Code   RO          837    .ARM.Collect$$libinit$$00000025  c_w.l(libinit2.o)
    0x080001c8   0x080001c8   0x00000000   Code   RO          841    .ARM.Collect$$libinit$$0000002C  c_w.l(libinit2.o)
    0x080001c8   0x080001c8   0x00000000   Code   RO          843    .ARM.Collect$$libinit$$0000002E  c_w.l(libinit2.o)
    0x080001c8   0x080001c8   0x00000000   Code   RO          845    .ARM.Collect$$libinit$$00000030  c_w.l(libinit2.o)
    0x080001c8   0x080001c8   0x00000000   Code   RO          847    .ARM.Collect$$libinit$$00000032  c_w.l(libinit2.o)
    0x080001c8   0x080001c8   0x00000002   Code   RO          848    .ARM.Collect$$libinit$$00000033  c_w.l(libinit2.o)
    0x080001ca   0x080001ca   0x00000002   Code   RO          888    .ARM.Collect$$libshutdown$$00000000  c_w.l(libshutdown.o)
    0x080001cc   0x080001cc   0x00000000   Code   RO          899    .ARM.Collect$$libshutdown$$00000002  c_w.l(libshutdown2.o)
    0x080001cc   0x080001cc   0x00000000   Code   RO          901    .ARM.Collect$$libshutdown$$00000004  c_w.l(libshutdown2.o)
    0x080001cc   0x080001cc   0x00000000   Code   RO          904    .ARM.Collect$$libshutdown$$00000007  c_w.l(libshutdown2.o)
    0x080001cc   0x080001cc   0x00000000   Code   RO          907    .ARM.Collect$$libshutdown$$0000000A  c_w.l(libshutdown2.o)
    0x080001cc   0x080001cc   0x00000000   Code   RO          909    .ARM.Collect$$libshutdown$$0000000C  c_w.l(libshutdown2.o)
    0x080001cc   0x080001cc   0x00000000   Code   RO          912    .ARM.Collect$$libshutdown$$0000000F  c_w.l(libshutdown2.o)
    0x080001cc   0x080001cc   0x00000002   Code   RO          913    .ARM.Collect$$libshutdown$$00000010  c_w.l(libshutdown2.o)
    0x080001ce   0x080001ce   0x00000000   Code   RO          656    .ARM.Collect$$rtentry$$00000000  c_w.l(__rtentry.o)
    0x080001ce   0x080001ce   0x00000000   Code   RO          719    .ARM.Collect$$rtentry$$00000002  c_w.l(__rtentry2.o)
    0x080001ce   0x080001ce   0x00000006   Code   RO          731    .ARM.Collect$$rtentry$$00000004  c_w.l(__rtentry4.o)
    0x080001d4   0x080001d4   0x00000000   Code   RO          721    .ARM.Collect$$rtentry$$00000009  c_w.l(__rtentry2.o)
    0x080001d4   0x080001d4   0x00000004   Code   RO          722    .ARM.Collect$$rtentry$$0000000A  c_w.l(__rtentry2.o)
    0x080001d8   0x080001d8   0x00000000   Code   RO          724    .ARM.Collect$$rtentry$$0000000C  c_w.l(__rtentry2.o)
    0x080001d8   0x080001d8   0x00000008   Code   RO          725    .ARM.Collect$$rtentry$$0000000D  c_w.l(__rtentry2.o)
    0x080001e0   0x080001e0   0x00000002   Code   RO          851    .ARM.Collect$$rtexit$$00000000  c_w.l(rtexit.o)
    0x080001e2   0x080001e2   0x00000000   Code   RO          862    .ARM.Collect$$rtexit$$00000002  c_w.l(rtexit2.o)
    0x080001e2   0x080001e2   0x00000004   Code   RO          863    .ARM.Collect$$rtexit$$00000003  c_w.l(rtexit2.o)
    0x080001e6   0x080001e6   0x00000006   Code   RO          864    .ARM.Collect$$rtexit$$00000004  c_w.l(rtexit2.o)
    0x080001ec   0x080001ec   0x00000040   Code   RO          514    .text               startup_stm32f10x_md.o
    0x0800022c   0x0800022c   0x00000028   Code   RO          542    .text               c_w.l(noretval__2sprintf.o)
    0x08000254   0x08000254   0x0000004e   Code   RO          546    .text               c_w.l(_printf_pad.o)
    0x080002a2   0x080002a2   0x00000052   Code   RO          548    .text               c_w.l(_printf_str.o)
    0x080002f4   0x080002f4   0x00000078   Code   RO          550    .text               c_w.l(_printf_dec.o)
    0x0800036c   0x0800036c   0x00000138   Code   RO          564    .text               c_w.l(__printf_flags_wp.o)
    0x080004a4   0x080004a4   0x00000006   Code   RO          576    .text               c_w.l(heapauxi.o)
    0x080004aa   0x080004aa   0x00000016   Code   RO          657    .text               c_w.l(_rserrno.o)
    0x080004c0   0x080004c0   0x000000b2   Code   RO          659    .text               c_w.l(_printf_intcommon.o)
    0x08000572   0x08000572   0x0000041c   Code   RO          661    .text               c_w.l(_printf_fp_dec.o)
    0x0800098e   0x0800098e   0x00000002   PAD
    0x08000990   0x08000990   0x00000030   Code   RO          665    .text               c_w.l(_printf_char_common.o)
    0x080009c0   0x080009c0   0x0000000a   Code   RO          667    .text               c_w.l(_sputc.o)
    0x080009ca   0x080009ca   0x0000002c   Code   RO          669    .text               c_w.l(_printf_char.o)
    0x080009f6   0x080009f6   0x00000002   PAD
    0x080009f8   0x080009f8   0x00000008   Code   RO          736    .text               c_w.l(rt_locale_intlibspace.o)
    0x08000a00   0x08000a00   0x00000008   Code   RO          741    .text               c_w.l(rt_errno_addr_intlibspace.o)
    0x08000a08   0x08000a08   0x0000008a   Code   RO          743    .text               c_w.l(lludiv10.o)
    0x08000a92   0x08000a92   0x00000002   PAD
    0x08000a94   0x08000a94   0x00000080   Code   RO          745    .text               c_w.l(_printf_fp_infnan.o)
    0x08000b14   0x08000b14   0x000000e4   Code   RO          749    .text               c_w.l(bigflt0.o)
    0x08000bf8   0x08000bf8   0x00000008   Code   RO          787    .text               c_w.l(libspace.o)
    0x08000c00   0x08000c00   0x0000004a   Code   RO          790    .text               c_w.l(sys_stackheap_outer.o)
    0x08000c4a   0x08000c4a   0x00000012   Code   RO          794    .text               c_w.l(exit.o)
    0x08000c5c   0x08000c5c   0x00000080   Code   RO          796    .text               c_w.l(strcmpv7m.o)
    0x08000cdc   0x08000cdc   0x0000000c   Code   RO          874    .text               c_w.l(sys_exit.o)
    0x08000ce8   0x08000ce8   0x00000002   Code   RO          889    .text               c_w.l(use_no_semi.o)
    0x08000cea   0x08000cea   0x00000000   Code   RO          891    .text               c_w.l(indicate_semi.o)
    0x08000cea   0x08000cea   0x00000002   PAD
    0x08000cec   0x08000cec   0x00000130   Code   RO           12    .text.Action_Alarm  main.o
    0x08000e1c   0x08000e1c   0x0000002a   Code   RO            2    .text.Action_ToggleFan  main.o
    0x08000e46   0x08000e46   0x00000002   PAD
    0x08000e48   0x08000e48   0x00000028   Code   RO            6    .text.Action_ToggleLcdBacklight  main.o
    0x08000e70   0x08000e70   0x0000001c   Code   RO            8    .text.Action_ToggleLed7Seg  main.o
    0x08000e8c   0x08000e8c   0x00000040   Code   RO            4    .text.Action_ToggleLight  main.o
    0x08000ecc   0x08000ecc   0x00000018   Code   RO           10    .text.Action_current_rtc  main.o
    0x08000ee4   0x08000ee4   0x00000008   Code   RO          474    .text.CLCD_Delay    lcd_i2c.o
    0x08000eec   0x08000eec   0x00000010   Code   RO          496    .text.CLCD_I2C_BacklightOff  lcd_i2c.o
    0x08000efc   0x08000efc   0x00000010   Code   RO          498    .text.CLCD_I2C_BacklightOn  lcd_i2c.o
    0x08000f0c   0x08000f0c   0x00000012   Code   RO          484    .text.CLCD_I2C_Clear  lcd_i2c.o
    0x08000f1e   0x08000f1e   0x00000002   PAD
    0x08000f20   0x08000f20   0x00000092   Code   RO          472    .text.CLCD_I2C_Init  lcd_i2c.o
    0x08000fb2   0x08000fb2   0x00000002   PAD
    0x08000fb4   0x08000fb4   0x00000040   Code   RO          478    .text.CLCD_I2C_SetCursor  lcd_i2c.o
    0x08000ff4   0x08000ff4   0x0000000a   Code   RO          480    .text.CLCD_I2C_WriteChar  lcd_i2c.o
    0x08000ffe   0x08000ffe   0x00000002   PAD
    0x08001000   0x08001000   0x00000022   Code   RO          482    .text.CLCD_I2C_WriteString  lcd_i2c.o
    0x08001022   0x08001022   0x00000002   PAD
    0x08001024   0x08001024   0x0000006a   Code   RO          476    .text.CLCD_WriteI2C  lcd_i2c.o
    0x0800108e   0x0800108e   0x00000002   PAD
    0x08001090   0x08001090   0x0000009c   Code   RO          298    .text.DateTimeToSeconds  rtc.o
    0x0800112c   0x0800112c   0x000000c8   Code   RO           18    .text.DisplayDateEditor  main.o
    0x080011f4   0x080011f4   0x000000d0   Code   RO           20    .text.DisplayMenu   main.o
    0x080012c4   0x080012c4   0x00000080   Code   RO           14    .text.DisplayNumericEditor  main.o
    0x08001344   0x08001344   0x00000098   Code   RO           16    .text.DisplayTimeEditor  main.o
    0x080013dc   0x080013dc   0x0000002a   Code   RO           36    .text.EXTI0_IRQHandler  main.o
    0x08001406   0x08001406   0x00000002   PAD
    0x08001408   0x08001408   0x0000002a   Code   RO           44    .text.EXTI15_10_IRQHandler  main.o
    0x08001432   0x08001432   0x00000002   PAD
    0x08001434   0x08001434   0x0000002a   Code   RO           38    .text.EXTI1_IRQHandler  main.o
    0x0800145e   0x0800145e   0x00000002   PAD
    0x08001460   0x08001460   0x0000002a   Code   RO           40    .text.EXTI2_IRQHandler  main.o
    0x0800148a   0x0800148a   0x00000002   PAD
    0x0800148c   0x0800148c   0x0000002a   Code   RO           42    .text.EXTI3_IRQHandler  main.o
    0x080014b6   0x080014b6   0x00000002   PAD
    0x080014b8   0x080014b8   0x00000024   Code   RO           46    .text.EXTI9_5_IRQHandler  main.o
    0x080014dc   0x080014dc   0x00000092   Code   RO           30    .text.EXTI_Config_Init  main.o
    0x0800156e   0x0800156e   0x00000002   PAD
    0x08001570   0x08001570   0x00000118   Code   RO          334    .text.EXTI_Init     stm32f1_gpio.o
    0x08001688   0x08001688   0x0000007a   Code   RO          320    .text.GPIO_ClockControl  stm32f1_gpio.o
    0x08001702   0x08001702   0x00000002   PAD
    0x08001704   0x08001704   0x00000112   Code   RO          324    .text.GPIO_Init     stm32f1_gpio.o
    0x08001816   0x08001816   0x00000002   PAD
    0x08001818   0x08001818   0x00000016   Code   RO          328    .text.GPIO_Write    stm32f1_gpio.o
    0x0800182e   0x0800182e   0x00000002   PAD
    0x08001830   0x08001830   0x00000024   Code   RO          326    .text.GPIOx_INIT    stm32f1_gpio.o
    0x08001854   0x08001854   0x00000038   Code   RO          296    .text.GetDaysInMonth  rtc.o
    0x0800188c   0x0800188c   0x0000000c   Code   RO          193    .text.Get_Millis    delay_sys.o
    0x08001898   0x08001898   0x0000022c   Code   RO           22    .text.HandleEditInput  main.o
    0x08001ac4   0x08001ac4   0x000000fa   Code   RO          226    .text.I2Cx_INIT     i2c.o
    0x08001bbe   0x08001bbe   0x00000002   PAD
    0x08001bc0   0x08001bc0   0x00000040   Code   RO          294    .text.IsLeapYear    rtc.o
    0x08001c00   0x08001c00   0x00000048   Code   RO          276    .text.MAX31865_Configuration_info  max31865_lib.o
    0x08001c48   0x08001c48   0x00000084   Code   RO          278    .text.MAX31865_Get_Temperature  max31865_lib.o
    0x08001ccc   0x08001ccc   0x00000186   Code   RO          280    .text.MAX31865_Get_Temperature_math  max31865_lib.o
    0x08001e52   0x08001e52   0x00000002   PAD
    0x08001e54   0x08001e54   0x00000092   Code   RO          274    .text.MAX31865_Init  max31865_lib.o
    0x08001ee6   0x08001ee6   0x00000002   PAD
    0x08001ee8   0x08001ee8   0x0000002c   Code   RO          185    .text.NVIC_EncodePriority  delay_sys.o
    0x08001f14   0x08001f14   0x0000002c   Code   RO          338    .text.NVIC_EncodePriority  stm32f1_gpio.o
    0x08001f40   0x08001f40   0x00000024   Code   RO          179    .text.NVICx_Init    delay_sys.o
    0x08001f64   0x08001f64   0x000001f2   Code   RO           34    .text.PID           main.o
    0x08002156   0x08002156   0x00000002   PAD
    0x08002158   0x08002158   0x00000220   Code   RO           24    .text.ProcessMenu   main.o
    0x08002378   0x08002378   0x0000001e   Code   RO          304    .text.RTC_GetDateTime  rtc.o
    0x08002396   0x08002396   0x00000002   PAD
    0x08002398   0x08002398   0x0000003a   Code   RO          308    .text.RTC_IRQHandler  rtc.o
    0x080023d2   0x080023d2   0x00000002   PAD
    0x080023d4   0x080023d4   0x00000092   Code   RO          306    .text.RTC_Init      rtc.o
    0x08002466   0x08002466   0x00000002   PAD
    0x08002468   0x08002468   0x0000004c   Code   RO          302    .text.RTC_SetDateTime  rtc.o
    0x080024b4   0x080024b4   0x00000072   Code   RO          418    .text.SPI_Init      stm32f1_spi_driver.o
    0x08002526   0x08002526   0x00000002   PAD
    0x08002528   0x08002528   0x00000084   Code   RO          428    .text.SPI_MasterReceiveData  stm32f1_spi_driver.o
    0x080025ac   0x080025ac   0x0000006c   Code   RO          416    .text.SPI_PeriClockControl  stm32f1_spi_driver.o
    0x08002618   0x08002618   0x00000020   Code   RO          452    .text.SPI_PeripheralControl  stm32f1_spi_driver.o
    0x08002638   0x08002638   0x00000066   Code   RO          422    .text.SPI_SendData  stm32f1_spi_driver.o
    0x0800269e   0x0800269e   0x00000002   PAD
    0x080026a0   0x080026a0   0x000000d6   Code   RO          300    .text.SecondsToDateTime  rtc.o
    0x08002776   0x08002776   0x00000002   PAD
    0x08002778   0x08002778   0x00000008   Code   RO          523    .text.SetSysClock   system_stm32f10x.o
    0x08002780   0x08002780   0x000000be   Code   RO          527    .text.SetSysClockTo72  system_stm32f10x.o
    0x0800283e   0x0800283e   0x00000002   PAD
    0x08002840   0x08002840   0x00000010   Code   RO          191    .text.SysTick_Handler  delay_sys.o
    0x08002850   0x08002850   0x00000044   Code   RO          189    .text.SysTick_Init  delay_sys.o
    0x08002894   0x08002894   0x00000056   Code   RO          521    .text.SystemInit    system_stm32f10x.o
    0x080028ea   0x080028ea   0x00000002   PAD
    0x080028ec   0x080028ec   0x0000003c   Code   RO           48    .text.TIM2_IRQHandler  main.o
    0x08002928   0x08002928   0x00000050   Code   RO          247    .text.Timer_Scan_LED_Init  led7seg.o
    0x08002978   0x08002978   0x00000020   Code   RO          187    .text.__NVIC_EnableIRQ  delay_sys.o
    0x08002998   0x08002998   0x00000010   Code   RO          251    .text.__NVIC_EnableIRQ  led7seg.o
    0x080029a8   0x080029a8   0x00000020   Code   RO          342    .text.__NVIC_EnableIRQ  stm32f1_gpio.o
    0x080029c8   0x080029c8   0x00000010   Code   RO          181    .text.__NVIC_GetPriorityGrouping  delay_sys.o
    0x080029d8   0x080029d8   0x00000010   Code   RO          340    .text.__NVIC_GetPriorityGrouping  stm32f1_gpio.o
    0x080029e8   0x080029e8   0x00000022   Code   RO          183    .text.__NVIC_SetPriority  delay_sys.o
    0x08002a0a   0x08002a0a   0x00000002   PAD
    0x08002a0c   0x08002a0c   0x0000000e   Code   RO          249    .text.__NVIC_SetPriority  led7seg.o
    0x08002a1a   0x08002a1a   0x00000002   PAD
    0x08002a1c   0x08002a1c   0x00000022   Code   RO          336    .text.__NVIC_SetPriority  stm32f1_gpio.o
    0x08002a3e   0x08002a3e   0x00000002   PAD
    0x08002a40   0x08002a40   0x00000010   Code   RO          228    .text.checkBusy     i2c.o
    0x08002a50   0x08002a50   0x00000042   Code   RO           54    .text.ckeck_alarm   main.o
    0x08002a92   0x08002a92   0x00000002   PAD
    0x08002a94   0x08002a94   0x00000016   Code   RO          195    .text.delay_ms      delay_sys.o
    0x08002aaa   0x08002aaa   0x00000002   PAD
    0x08002aac   0x08002aac   0x0000005c   Code   RO          197    .text.delay_us      delay_sys.o
    0x08002b08   0x08002b08   0x00000054   Code   RO           50    .text.get_average_temperature  main.o
    0x08002b5c   0x08002b5c   0x00000078   Code   RO          230    .text.i2c_Start     i2c.o
    0x08002bd4   0x08002bd4   0x0000003e   Code   RO          234    .text.i2c_Stop      i2c.o
    0x08002c12   0x08002c12   0x00000002   PAD
    0x08002c14   0x08002c14   0x00000048   Code   RO          232    .text.i2c_sendData  i2c.o
    0x08002c5c   0x08002c5c   0x00000140   Code   RO          253    .text.led7seg_init_gpio_custom  led7seg.o
    0x08002d9c   0x08002d9c   0x00000036   Code   RO          261    .text.led7seg_scan_custom  led7seg.o
    0x08002dd2   0x08002dd2   0x00000002   PAD
    0x08002dd4   0x08002dd4   0x0000004e   Code   RO          257    .text.led7seg_select_led_custom  led7seg.o
    0x08002e22   0x08002e22   0x00000002   PAD
    0x08002e24   0x08002e24   0x0000006c   Code   RO          255    .text.led7seg_set_segments_custom  led7seg.o
    0x08002e90   0x08002e90   0x0000007a   Code   RO          259    .text.led7seg_update_display_custom  led7seg.o
    0x08002f0a   0x08002f0a   0x00000002   PAD
    0x08002f0c   0x08002f0c   0x00000170   Code   RO           28    .text.main          main.o
    0x0800307c   0x0800307c   0x00000036   Code   RO           52    .text.round_temperature  main.o
    0x080030b2   0x080030b2   0x00000002   PAD
    0x080030b4   0x080030b4   0x0000007e   Code   RO           26    .text.setup_MAX31865_SPI  main.o
    0x08003132   0x08003132   0x00000002   PAD
    0x08003134   0x08003134   0x00000008   Code   RO          424    .text.spi_wait_for_flag  stm32f1_spi_driver.o
    0x0800313c   0x0800313c   0x0000006e   Code   RO           32    .text.update_display_if_needed  main.o
    0x080031aa   0x080031aa   0x0000003e   Code   RO          752    CL$$btod_d2e        c_w.l(btod.o)
    0x080031e8   0x080031e8   0x00000046   Code   RO          754    CL$$btod_d2e_denorm_low  c_w.l(btod.o)
    0x0800322e   0x0800322e   0x00000060   Code   RO          753    CL$$btod_d2e_norm_op1  c_w.l(btod.o)
    0x0800328e   0x0800328e   0x00000338   Code   RO          762    CL$$btod_div_common  c_w.l(btod.o)
    0x080035c6   0x080035c6   0x000000dc   Code   RO          759    CL$$btod_e2e        c_w.l(btod.o)
    0x080036a2   0x080036a2   0x0000002a   Code   RO          756    CL$$btod_ediv       c_w.l(btod.o)
    0x080036cc   0x080036cc   0x0000002a   Code   RO          755    CL$$btod_emul       c_w.l(btod.o)
    0x080036f6   0x080036f6   0x00000244   Code   RO          761    CL$$btod_mult_common  c_w.l(btod.o)
    0x0800393a   0x0800393a   0x00000028   Code   RO          713    i.__ARM_fpclassify  m_ws.l(fpclassify.o)
    0x08003962   0x08003962   0x000000aa   Code   RO          715    i.__kernel_poly     m_ws.l(poly.o)
    0x08003a0c   0x08003a0c   0x00000010   Code   RO          699    i.__mathlib_dbl_divzero  m_ws.l(dunder.o)
    0x08003a1c   0x08003a1c   0x00000004   Code   RO          701    i.__mathlib_dbl_infnan2  m_ws.l(dunder.o)
    0x08003a20   0x08003a20   0x0000000c   Code   RO          702    i.__mathlib_dbl_invalid  m_ws.l(dunder.o)
    0x08003a2c   0x08003a2c   0x0000000e   Code   RO          703    i.__mathlib_dbl_overflow  m_ws.l(dunder.o)
    0x08003a3a   0x08003a3a   0x00000002   PAD
    0x08003a3c   0x08003a3c   0x00000010   Code   RO          705    i.__mathlib_dbl_underflow  m_ws.l(dunder.o)
    0x08003a4c   0x08003a4c   0x0000000e   Code   RO          562    i._is_digit         c_w.l(__printf_wp.o)
    0x08003a5a   0x08003a5a   0x00000002   PAD
    0x08003a5c   0x08003a5c   0x000009d8   Code   RO          639    i.pow               m_ws.l(pow.o)
    0x08004434   0x08004434   0x0000004c   Code   RO          649    i.sqrt              m_ws.l(sqrt.o)
    0x08004480   0x08004480   0x0000002c   Code   RO          777    locale$$code        c_w.l(lc_numeric_c.o)
    0x080044ac   0x080044ac   0x00000062   Code   RO          580    x$fpl$d2f           fz_ws.l(d2f.o)
    0x0800450e   0x0800450e   0x00000002   PAD
    0x08004510   0x08004510   0x00000150   Code   RO          582    x$fpl$dadd          fz_ws.l(daddsub_clz.o)
    0x08004660   0x08004660   0x00000010   Code   RO          779    x$fpl$dcheck1       fz_ws.l(dcheck1.o)
    0x08004670   0x08004670   0x00000018   Code   RO          781    x$fpl$dcmpinf       fz_ws.l(dcmpi.o)
    0x08004688   0x08004688   0x000002b0   Code   RO          591    x$fpl$ddiv          fz_ws.l(ddiv.o)
    0x08004938   0x08004938   0x00000078   Code   RO          672    x$fpl$deqf          fz_ws.l(deqf.o)
    0x080049b0   0x080049b0   0x0000005e   Code   RO          594    x$fpl$dfix          fz_ws.l(dfix.o)
    0x08004a0e   0x08004a0e   0x0000002e   Code   RO          599    x$fpl$dflt          fz_ws.l(dflt_clz.o)
    0x08004a3c   0x08004a3c   0x00000026   Code   RO          598    x$fpl$dfltu         fz_ws.l(dflt_clz.o)
    0x08004a62   0x08004a62   0x00000002   PAD
    0x08004a64   0x08004a64   0x00000078   Code   RO          674    x$fpl$dgeqf         fz_ws.l(dgeqf.o)
    0x08004adc   0x08004adc   0x00000078   Code   RO          676    x$fpl$dleqf         fz_ws.l(dleqf.o)
    0x08004b54   0x08004b54   0x00000154   Code   RO          604    x$fpl$dmul          fz_ws.l(dmul.o)
    0x08004ca8   0x08004ca8   0x0000009c   Code   RO          678    x$fpl$dnaninf       fz_ws.l(dnaninf.o)
    0x08004d44   0x08004d44   0x0000000c   Code   RO          680    x$fpl$dretinf       fz_ws.l(dretinf.o)
    0x08004d50   0x08004d50   0x0000006c   Code   RO          682    x$fpl$drleqf        fz_ws.l(drleqf.o)
    0x08004dbc   0x08004dbc   0x00000016   Code   RO          583    x$fpl$drsb          fz_ws.l(daddsub_clz.o)
    0x08004dd2   0x08004dd2   0x00000002   PAD
    0x08004dd4   0x08004dd4   0x000001cc   Code   RO          684    x$fpl$dsqrt         fz_ws.l(dsqrt_noumaal.o)
    0x08004fa0   0x08004fa0   0x000001d4   Code   RO          584    x$fpl$dsub          fz_ws.l(daddsub_clz.o)
    0x08005174   0x08005174   0x00000056   Code   RO          606    x$fpl$f2d           fz_ws.l(f2d.o)
    0x080051ca   0x080051ca   0x00000002   PAD
    0x080051cc   0x080051cc   0x000000c4   Code   RO          608    x$fpl$fadd          fz_ws.l(faddsub_clz.o)
    0x08005290   0x08005290   0x00000054   Code   RO          588    x$fpl$fcmp          fz_ws.l(dcmp.o)
    0x080052e4   0x080052e4   0x00000054   Code   RO          614    x$fpl$fcmp          fz_ws.l(fcmp.o)
    0x08005338   0x08005338   0x00000018   Code   RO          783    x$fpl$fcmpinf       fz_ws.l(fcmpi.o)
    0x08005350   0x08005350   0x00000184   Code   RO          617    x$fpl$fdiv          fz_ws.l(fdiv.o)
    0x080054d4   0x080054d4   0x00000068   Code   RO          686    x$fpl$feqf          fz_ws.l(feqf.o)
    0x0800553c   0x0800553c   0x00000036   Code   RO          620    x$fpl$ffix          fz_ws.l(ffix.o)
    0x08005572   0x08005572   0x00000002   PAD
    0x08005574   0x08005574   0x0000003e   Code   RO          624    x$fpl$ffixu         fz_ws.l(ffixu.o)
    0x080055b2   0x080055b2   0x00000002   PAD
    0x080055b4   0x080055b4   0x00000030   Code   RO          629    x$fpl$fflt          fz_ws.l(fflt_clz.o)
    0x080055e4   0x080055e4   0x00000068   Code   RO          688    x$fpl$fgeqf         fz_ws.l(fgeqf.o)
    0x0800564c   0x0800564c   0x00000068   Code   RO          690    x$fpl$fleqf         fz_ws.l(fleqf.o)
    0x080056b4   0x080056b4   0x00000102   Code   RO          634    x$fpl$fmul          fz_ws.l(fmul.o)
    0x080057b6   0x080057b6   0x0000008c   Code   RO          692    x$fpl$fnaninf       fz_ws.l(fnaninf.o)
    0x08005842   0x08005842   0x0000000a   Code   RO          694    x$fpl$fretinf       fz_ws.l(fretinf.o)
    0x0800584c   0x0800584c   0x000000ea   Code   RO          610    x$fpl$fsub          fz_ws.l(faddsub_clz.o)
    0x08005936   0x08005936   0x00000004   Code   RO          636    x$fpl$printf1       fz_ws.l(printf1.o)
    0x0800593a   0x0800593a   0x00000064   Code   RO          849    x$fpl$retnan        fz_ws.l(retnan.o)
    0x0800599e   0x0800599e   0x0000005c   Code   RO          696    x$fpl$scalbn        fz_ws.l(scalbn.o)
    0x080059fa   0x080059fa   0x00000030   Code   RO          859    x$fpl$trapveneer    fz_ws.l(trapv.o)
    0x08005a2a   0x08005a2a   0x00000000   Code   RO          698    x$fpl$usenofp       fz_ws.l(usenofp.o)
    0x08005a2a   0x08005a2a   0x00000011   Data   RO          565    .constdata          c_w.l(__printf_flags_wp.o)
    0x08005a3b   0x08005a3b   0x00000005   PAD
    0x08005a40   0x08005a40   0x00000088   Data   RO          640    .constdata          m_ws.l(pow.o)
    0x08005ac8   0x08005ac8   0x00000008   Data   RO          717    .constdata          m_ws.l(qnan.o)
    0x08005ad0   0x08005ad0   0x00000094   Data   RO          750    .constdata          c_w.l(bigflt0.o)
    0x08005b64   0x08005b64   0x0000000b   Data   RO          263    .rodata.segment_codes  led7seg.o
    0x08005b6f   0x08005b6f   0x000002ad   Data   RO           88    .rodata.str1.1      main.o
    0x08005e1c   0x08005e1c   0x00000020   Data   RO          941    Region$$Table       anon$$obj.o
    0x08005e3c   0x08005e3c   0x0000001c   Data   RO          776    locale$$data        c_w.l(lc_numeric_c.o)


    Execution Region RW_IRAM1 (Exec base: 0x20000000, Load base: 0x08005e58, Size: 0x00000b40, Max: 0x00005000, ABSOLUTE, COMPRESSED[0x00000228])

    Exec Addr    Load Addr    Size         Type   Attr      Idx    E Section Name        Object

    0x20000000   COMPRESSED   0x00000004   Data   RW          285    .data.MAX31865_SPI  max31865_lib.o
    0x20000004   COMPRESSED   0x00000004   Data   RW          529    .data.SystemCoreClock  system_stm32f10x.o
    0x20000008   COMPRESSED   0x00000004   Data   RW          100    .data.action_data_fan  main.o
    0x2000000c   COMPRESSED   0x00000004   Data   RW           94    .data.action_data_lcd  main.o
    0x20000010   COMPRESSED   0x00000004   Data   RW           95    .data.action_data_led7  main.o
    0x20000014   COMPRESSED   0x00000004   Data   RW          101    .data.action_data_light  main.o
    0x20000018   COMPRESSED   0x00000004   Data   RW          105    .data.action_data_time_date  main.o
    0x2000001c   COMPRESSED   0x00000004   Data   RW          123    .data.checke_alarm  main.o
    0x20000020   COMPRESSED   0x00000008   Data   RW           93    .data.config_alarm_date_data  main.o
    0x20000028   COMPRESSED   0x00000008   Data   RW           92    .data.config_alarm_time_data  main.o
    0x20000030   COMPRESSED   0x00000008   Data   RW           91    .data.config_date_data  main.o
    0x20000038   COMPRESSED   0x00000014   Data   RW           89    .data.config_temp_data  main.o
    0x2000004c   COMPRESSED   0x00000008   Data   RW           90    .data.config_time_data  main.o
    0x20000054   COMPRESSED   0x00000018   Data   RW          108    .data.current_rtc   main.o
    0x2000006c   COMPRESSED   0x00000001   Data   RW           77    .data.display7seg   main.o
    0x2000006d   COMPRESSED   0x00000001   PAD
    0x2000006e   COMPRESSED   0x00000004   Data   RW           82    .data.g_alarmDate   main.o
    0x20000072   COMPRESSED   0x00000003   Data   RW           81    .data.g_alarmTime   main.o
    0x20000075   COMPRESSED   0x00000001   PAD
    0x20000076   COMPRESSED   0x00000004   Data   RW           63    .data.g_date_setting  main.o
    0x2000007a   COMPRESSED   0x00000001   Data   RW           60    .data.g_lcd_backlight_status  main.o
    0x2000007b   COMPRESSED   0x00000001   Data   RW           61    .data.g_led7seg_status  main.o
    0x2000007c   COMPRESSED   0x00000004   Data   RW           57    .data.g_temperature_setting  main.o
    0x20000080   COMPRESSED   0x00000003   Data   RW           62    .data.g_time_setting  main.o
    0x20000083   COMPRESSED   0x00000001   PAD
    0x20000084   COMPRESSED   0x00000018   Data   RW          134    .data.item_Chicken  main.o
    0x2000009c   COMPRESSED   0x00000018   Data   RW          133    .data.item_Duck     main.o
    0x200000b4   COMPRESSED   0x00000018   Data   RW          135    .data.item_Quail    main.o
    0x200000cc   COMPRESSED   0x00000018   Data   RW          125    .data.item_alram_temp  main.o
    0x200000e4   COMPRESSED   0x00000018   Data   RW          138    .data.item_chicken_w1  main.o
    0x200000fc   COMPRESSED   0x00000018   Data   RW          137    .data.item_chicken_w2  main.o
    0x20000114   COMPRESSED   0x00000018   Data   RW          139    .data.item_chicken_w3  main.o
    0x2000012c   COMPRESSED   0x00000018   Data   RW          141    .data.item_duck_w1_2  main.o
    0x20000144   COMPRESSED   0x00000018   Data   RW          140    .data.item_duck_w3  main.o
    0x2000015c   COMPRESSED   0x00000018   Data   RW          142    .data.item_duck_w4  main.o
    0x20000174   COMPRESSED   0x00000018   Data   RW          149    .data.item_main_auto  main.o
    0x2000018c   COMPRESSED   0x00000018   Data   RW          148    .data.item_main_manual  main.o
    0x200001a4   COMPRESSED   0x00000018   Data   RW          150    .data.item_main_settings  main.o
    0x200001bc   COMPRESSED   0x00000018   Data   RW          121    .data.item_manual_date  main.o
    0x200001d4   COMPRESSED   0x00000018   Data   RW          124    .data.item_manual_on_off  main.o
    0x200001ec   COMPRESSED   0x00000018   Data   RW          120    .data.item_manual_temp  main.o
    0x20000204   COMPRESSED   0x00000018   Data   RW          119    .data.item_manual_time  main.o
    0x2000021c   COMPRESSED   0x00000018   Data   RW          106    .data.item_settings_date  main.o
    0x20000234   COMPRESSED   0x00000018   Data   RW          103    .data.item_settings_fan  main.o
    0x2000024c   COMPRESSED   0x00000018   Data   RW          114    .data.item_settings_fanlight  main.o
    0x20000264   COMPRESSED   0x00000018   Data   RW          102    .data.item_settings_light  main.o
    0x2000027c   COMPRESSED   0x00000018   Data   RW          113    .data.item_settings_other  main.o
    0x20000294   COMPRESSED   0x00000018   Data   RW           97    .data.item_settings_other_lcd  main.o
    0x200002ac   COMPRESSED   0x00000018   Data   RW           96    .data.item_settings_other_led7  main.o
    0x200002c4   COMPRESSED   0x00000018   Data   RW          107    .data.item_settings_time  main.o
    0x200002dc   COMPRESSED   0x00000018   Data   RW          115    .data.item_settings_time_date  main.o
    0x200002f4   COMPRESSED   0x00000018   Data   RW          126    .data.item_timed_on_off  main.o
    0x2000030c   COMPRESSED   0x00000004   Data   RW           73    .data.kd            main.o
    0x20000310   COMPRESSED   0x00000004   Data   RW           74    .data.ki            main.o
    0x20000314   COMPRESSED   0x00000004   Data   RW           75    .data.kp            main.o
    0x20000318   COMPRESSED   0x00000004   Data   RW          158    .data.last_displayed_temperature  main.o
    0x2000031c   COMPRESSED   0x00000010   Data   RW          117    .data.menu_Alarm_Temp  main.o
    0x2000032c   COMPRESSED   0x00000010   Data   RW          136    .data.menu_auto     main.o
    0x2000033c   COMPRESSED   0x00000010   Data   RW          127    .data.menu_chicken  main.o
    0x2000034c   COMPRESSED   0x00000010   Data   RW          129    .data.menu_duck     main.o
    0x2000035c   COMPRESSED   0x00000010   Data   RW          104    .data.menu_fan_light  main.o
    0x2000036c   COMPRESSED   0x00000010   Data   RW          116    .data.menu_main     main.o
    0x2000037c   COMPRESSED   0x00000010   Data   RW          122    .data.menu_manual   main.o
    0x2000038c   COMPRESSED   0x00000010   Data   RW           99    .data.menu_other_devices  main.o
    0x2000039c   COMPRESSED   0x00000010   Data   RW          131    .data.menu_quail    main.o
    0x200003ac   COMPRESSED   0x00000010   Data   RW           98    .data.menu_settings  main.o
    0x200003bc   COMPRESSED   0x00000010   Data   RW          109    .data.menu_time_date  main.o
    0x200003cc   COMPRESSED   0x00000004   Data   RW           65    .data.setpoint      main.o
    0x200003d0   COMPRESSED   0x00000004   Data   RW          128    .data.submenu_Chicken  main.o
    0x200003d4   COMPRESSED   0x00000004   Data   RW          130    .data.submenu_Duck  main.o
    0x200003d8   COMPRESSED   0x00000004   Data   RW          132    .data.submenu_Quail  main.o
    0x200003dc   COMPRESSED   0x00000004   Data   RW          118    .data.submenu_alram_temp  main.o
    0x200003e0   COMPRESSED   0x00000004   Data   RW          145    .data.submenu_data_auto  main.o
    0x200003e4   COMPRESSED   0x00000004   Data   RW          110    .data.submenu_data_fanlight  main.o
    0x200003e8   COMPRESSED   0x00000004   Data   RW          146    .data.submenu_data_manual  main.o
    0x200003ec   COMPRESSED   0x00000004   Data   RW          111    .data.submenu_data_other  main.o
    0x200003f0   COMPRESSED   0x00000004   Data   RW          147    .data.submenu_data_settings  main.o
    0x200003f4   COMPRESSED   0x00000004   Data   RW          112    .data.submenu_time_date  main.o
    0x200003f8        -       0x00000060   Zero   RW          788    .bss                c_w.l(libspace.o)
    0x20000458        -       0x0000000c   Zero   RW           87    .bss.LCD1           main.o
    0x20000464   COMPRESSED   0x00000004   PAD
    0x20000468        -       0x00000008   Zero   RW          283    .bss.MAX31865_PT100_T  max31865_lib.o
    0x20000470        -       0x00000001   Zero   RW          284    .bss.MAX31865_Sensor_Error  max31865_lib.o
    0x20000471   COMPRESSED   0x00000003   PAD
    0x20000474        -       0x00000004   Zero   RW           71    .bss.PID_d          main.o
    0x20000478        -       0x00000004   Zero   RW           67    .bss.PID_error      main.o
    0x2000047c        -       0x00000004   Zero   RW           69    .bss.PID_i          main.o
    0x20000480        -       0x00000004   Zero   RW           70    .bss.PID_p          main.o
    0x20000484        -       0x00000004   Zero   RW           72    .bss.PID_value      main.o
    0x20000488        -       0x00000004   Zero   RW           66    .bss.PT100_Temperature  main.o
    0x2000048c        -       0x00000004   Zero   RW           79    .bss.Time           main.o
    0x20000490        -       0x00000004   Zero   RW          159    .bss.avg_temperature  main.o
    0x20000494        -       0x00000001   Zero   RW          265    .bss.current_led_idx_custom  led7seg.o
    0x20000495   COMPRESSED   0x00000003   PAD
    0x20000498        -       0x00000004   Zero   RW          164    .bss.current_time   main.o
    0x2000049c        -       0x00000004   Zero   RW          264    .bss.display_buffer  led7seg.o
    0x200004a0        -       0x00000004   Zero   RW          161    .bss.elapsedTime    main.o
    0x200004a4        -       0x00000001   Zero   RW           83    .bss.g_alarmEnabled  main.o
    0x200004a5        -       0x00000001   Zero   RW           56    .bss.g_button_flags  main.o
    0x200004a6        -       0x00000004   Zero   RW          310    .bss.g_currentDate  rtc.o
    0x200004aa        -       0x00000003   Zero   RW          311    .bss.g_currentTime  rtc.o
    0x200004ad   COMPRESSED   0x00000003   PAD
    0x200004b0        -       0x00000004   Zero   RW          155    .bss.g_current_menu  main.o
    0x200004b4        -       0x00000004   Zero   RW          154    .bss.g_edit_date    main.o
    0x200004b8        -       0x00000001   Zero   RW          153    .bss.g_edit_field_selector  main.o
    0x200004b9   COMPRESSED   0x00000003   PAD
    0x200004bc        -       0x00000004   Zero   RW          151    .bss.g_edit_temperature  main.o
    0x200004c0        -       0x00000003   Zero   RW          152    .bss.g_edit_time    main.o
    0x200004c3        -       0x00000001   Zero   RW           58    .bss.g_fan_status   main.o
    0x200004c4        -       0x00000004   Zero   RW          156    .bss.g_item_being_edited  main.o
    0x200004c8        -       0x00000001   Zero   RW           59    .bss.g_light_status  main.o
    0x200004c9        -       0x00000001   Zero   RW           64    .bss.g_menu_state   main.o
    0x200004ca   COMPRESSED   0x00000002   PAD
    0x200004cc        -       0x00000004   Zero   RW          203    .bss.g_sysTickMillis  delay_sys.o
    0x200004d0        -       0x00000004   Zero   RW           68    .bss.previous_error  main.o
    0x200004d4        -       0x00000004   Zero   RW          157    .bss.sample_index   main.o
    0x200004d8        -       0x00000004   Zero   RW          163    .bss.temp_utime     main.o
    0x200004dc        -       0x00000050   Zero   RW          162    .bss.temperature_samples  main.o
    0x2000052c        -       0x00000004   Zero   RW          160    .bss.thoigian       main.o
    0x20000530        -       0x00000004   Zero   RW           78    .bss.timePrev       main.o
    0x20000534        -       0x00000004   Zero   RW          165    .bss.time_check     main.o
    0x20000538        -       0x00000004   Zero   RW          238    .bss.timeout_i2c    i2c.o
    0x2000053c        -       0x00000001   Zero   RW           76    .bss.zero_cross_detected  main.o
    0x2000053d   COMPRESSED   0x00000003   PAD
    0x20000540        -       0x00000200   Zero   RW          512    HEAP                startup_stm32f10x_md.o
    0x20000740        -       0x00000400   Zero   RW          511    STACK               startup_stm32f10x_md.o


==============================================================================

Image component sizes


      Code (inc. data)   RO Data    RW Data    ZI Data      Debug   Object Name

       372          0          0          0          4       5955   delay_sys.o
       520          0          0          0          4       3799   i2c.o
       418          4          0          0          0       4774   lcd_i2c.o
       792          0         11          0          5       6323   led7seg.o
      4048        110        685       1005        182      16007   main.o
       740          0          0          4          9       3204   max31865_lib.o
       800         16          0          0          7       5221   rtc.o
        64         26        236          0       1536        804   startup_stm32f10x_md.o
       860         16          0          0          0       8103   stm32f1_gpio.o
       496          0          0          0          0       9867   stm32f1_spi_driver.o
       284          0          0          4          0       2791   system_stm32f10x.o

    ----------------------------------------------------------------------
      9470        172        964       1016       1768      66848   Object Totals
         0          0         32          0          0          0   (incl. Generated)
        76          0          0          3         21          0   (incl. Padding)

    ----------------------------------------------------------------------

      Code (inc. data)   RO Data    RW Data    ZI Data      Debug   Library Member Name

        90          0          0          0          0          0   __dczerorl2.o
         8          0          0          0          0         68   __main.o
       312          4         17          0          0         92   __printf_flags_wp.o
        14          0          0          0          0         68   __printf_wp.o
         0          0          0          0          0          0   __rtentry.o
        12          0          0          0          0          0   __rtentry2.o
         6          0          0          0          0          0   __rtentry4.o
        52          8          0          0          0          0   __scatter.o
        28          0          0          0          0          0   __scatter_zi.o
        44          0          0          0          0        108   _printf_char.o
        48          6          0          0          0         96   _printf_char_common.o
         6          0          0          0          0          0   _printf_d.o
       120         16          0          0          0         92   _printf_dec.o
         6          0          0          0          0          0   _printf_f.o
      1052          0          0          0          0        148   _printf_fp_dec.o
       128         16          0          0          0         84   _printf_fp_infnan.o
       178          0          0          0          0         88   _printf_intcommon.o
        78          0          0          0          0        108   _printf_pad.o
         0          0          0          0          0          0   _printf_percent.o
         4          0          0          0          0          0   _printf_percent_end.o
         6          0          0          0          0          0   _printf_s.o
        82          0          0          0          0         80   _printf_str.o
        22          0          0          0          0        100   _rserrno.o
        10          0          0          0          0         68   _sputc.o
       228          4        148          0          0         96   bigflt0.o
      1936        128          0          0          0        672   btod.o
        18          0          0          0          0         80   exit.o
         6          0          0          0          0        152   heapauxi.o
         0          0          0          0          0          0   indicate_semi.o
        44         10         28          0          0         76   lc_numeric_c.o
         2          0          0          0          0          0   libinit.o
        18          0          0          0          0          0   libinit2.o
         2          0          0          0          0          0   libshutdown.o
         2          0          0          0          0          0   libshutdown2.o
         8          4          0          0         96         68   libspace.o
       138          0          0          0          0         80   lludiv10.o
        40          6          0          0          0         84   noretval__2sprintf.o
         8          4          0          0          0         68   rt_errno_addr_intlibspace.o
         8          4          0          0          0         68   rt_locale_intlibspace.o
         2          0          0          0          0          0   rtexit.o
        10          0          0          0          0          0   rtexit2.o
       128          0          0          0          0         68   strcmpv7m.o
        12          4          0          0          0         68   sys_exit.o
        74          0          0          0          0         80   sys_stackheap_outer.o
         2          0          0          0          0         68   use_no_semi.o
        98          4          0          0          0         92   d2f.o
       826         16          0          0          0        356   daddsub_clz.o
        16          4          0          0          0         68   dcheck1.o
        84          0          0          0          0        196   dcmp.o
        24          0          0          0          0         68   dcmpi.o
       688        140          0          0          0        216   ddiv.o
       120          4          0          0          0         92   deqf.o
        94          4          0          0          0         92   dfix.o
        84          0          0          0          0        136   dflt_clz.o
       120          4          0          0          0         92   dgeqf.o
       120          4          0          0          0         92   dleqf.o
       340         12          0          0          0        104   dmul.o
       156          4          0          0          0         92   dnaninf.o
        12          0          0          0          0         68   dretinf.o
       108          0          0          0          0         80   drleqf.o
       460         56          0          0          0        120   dsqrt_noumaal.o
        86          4          0          0          0         84   f2d.o
       430          8          0          0          0        168   faddsub_clz.o
        84          0          0          0          0        196   fcmp.o
        24          0          0          0          0         68   fcmpi.o
       388         76          0          0          0         96   fdiv.o
       104          4          0          0          0         84   feqf.o
        54          4          0          0          0         84   ffix.o
        62          4          0          0          0         84   ffixu.o
        48          0          0          0          0         68   fflt_clz.o
       104          4          0          0          0         84   fgeqf.o
       104          4          0          0          0         84   fleqf.o
       258          4          0          0          0         84   fmul.o
       140          4          0          0          0         84   fnaninf.o
        10          0          0          0          0         68   fretinf.o
         4          0          0          0          0         68   printf1.o
       100          0          0          0          0         68   retnan.o
        92          0          0          0          0         68   scalbn.o
        48          0          0          0          0         68   trapv.o
         0          0          0          0          0          0   usenofp.o
        62         10          0          0          0        340   dunder.o
        40          0          0          0          0         68   fpclassify.o
       170          0          0          0          0         96   poly.o
      2520        190        136          0          0        324   pow.o
         0          0          8          0          0          0   qnan.o
        76          0          0          0          0         84   sqrt.o

    ----------------------------------------------------------------------
     13376        782        342          0         96       7412   Library Totals
        26          0          5          0          0          0   (incl. Padding)

    ----------------------------------------------------------------------

      Code (inc. data)   RO Data    RW Data    ZI Data      Debug   Library Name

      4992        214        193          0         96       2928   c_w.l
      5490        368          0          0          0       3572   fz_ws.l
      2868        200        144          0          0        912   m_ws.l

    ----------------------------------------------------------------------
     13376        782        342          0         96       7412   Library Totals

    ----------------------------------------------------------------------

==============================================================================


      Code (inc. data)   RO Data    RW Data    ZI Data      Debug   

     22846        954       1306       1016       1864      70160   Grand Totals
     22846        954       1306        552       1864      70160   ELF Image Totals (compressed)
     22846        954       1306        552          0          0   ROM Totals

==============================================================================

    Total RO  Size (Code + RO Data)                24152 (  23.59kB)
    Total RW  Size (RW Data + ZI Data)              2880 (   2.81kB)
    Total ROM Size (Code + RO Data + RW Data)      24704 (  24.13kB)

==============================================================================

